22:55:24 **** Build of project standalone_bsp_0 ****
make -k all 
"Running Make include in ps7_cortexa9_0/libsrc/coresightps_dcc_v1_5/src"
make -C ps7_cortexa9_0/libsrc/coresightps_dcc_v1_5/src -s include  "SHELL=CMD" "COMPILER=arm-none-eabi-gcc" "ARCHIVER=arm-none-eabi-ar" "COMPILER_FLAGS=  -O2 -c" "EXTRA_COMPILER_FLAGS=-mcpu=cortex-a9 -mfpu=vfpv3 -mfloat-abi=hard -nostartfiles -g -Wall -Wextra"
"Running Make include in ps7_cortexa9_0/libsrc/cpu_cortexa9_v2_7/src"
make -C ps7_cortexa9_0/libsrc/cpu_cortexa9_v2_7/src -s include  "SHELL=CMD" "COMPILER=arm-none-eabi-gcc" "ARCHIVER=arm-none-eabi-ar" "COMPILER_FLAGS=  -O2 -c" "EXTRA_COMPILER_FLAGS=-mcpu=cortex-a9 -mfpu=vfpv3 -mfloat-abi=hard -nostartfiles -g -Wall -Wextra"
"Running Make include in ps7_cortexa9_0/libsrc/ddrps_v1_0/src"
make -C ps7_cortexa9_0/libsrc/ddrps_v1_0/src -s include  "SHELL=CMD" "COMPILER=arm-none-eabi-gcc" "ARCHIVER=arm-none-eabi-ar" "COMPILER_FLAGS=  -O2 -c" "EXTRA_COMPILER_FLAGS=-mcpu=cortex-a9 -mfpu=vfpv3 -mfloat-abi=hard -nostartfiles -g -Wall -Wextra"
"Running Make include in ps7_cortexa9_0/libsrc/devcfg_v3_5/src"
make -C ps7_cortexa9_0/libsrc/devcfg_v3_5/src -s include  "SHELL=CMD" "COMPILER=arm-none-eabi-gcc" "ARCHIVER=arm-none-eabi-ar" "COMPILER_FLAGS=  -O2 -c" "EXTRA_COMPILER_FLAGS=-mcpu=cortex-a9 -mfpu=vfpv3 -mfloat-abi=hard -nostartfiles -g -Wall -Wextra"
"Running Make include in ps7_cortexa9_0/libsrc/dmaps_v2_4/src"
make -C ps7_cortexa9_0/libsrc/dmaps_v2_4/src -s include  "SHELL=CMD" "COMPILER=arm-none-eabi-gcc" "ARCHIVER=arm-none-eabi-ar" "COMPILER_FLAGS=  -O2 -c" "EXTRA_COMPILER_FLAGS=-mcpu=cortex-a9 -mfpu=vfpv3 -mfloat-abi=hard -nostartfiles -g -Wall -Wextra"
"Running Make include in ps7_cortexa9_0/libsrc/emacps_v3_9/src"
make -C ps7_cortexa9_0/libsrc/emacps_v3_9/src -s include  "SHELL=CMD" "COMPILER=arm-none-eabi-gcc" "ARCHIVER=arm-none-eabi-ar" "COMPILER_FLAGS=  -O2 -c" "EXTRA_COMPILER_FLAGS=-mcpu=cortex-a9 -mfpu=vfpv3 -mfloat-abi=hard -nostartfiles -g -Wall -Wextra"
"Running Make include in ps7_cortexa9_0/libsrc/gpiops_v3_5/src"
make -C ps7_cortexa9_0/libsrc/gpiops_v3_5/src -s include  "SHELL=CMD" "COMPILER=arm-none-eabi-gcc" "ARCHIVER=arm-none-eabi-ar" "COMPILER_FLAGS=  -O2 -c" "EXTRA_COMPILER_FLAGS=-mcpu=cortex-a9 -mfpu=vfpv3 -mfloat-abi=hard -nostartfiles -g -Wall -Wextra"
"Running Make include in ps7_cortexa9_0/libsrc/gpio_v4_4/src"
make -C ps7_cortexa9_0/libsrc/gpio_v4_4/src -s include  "SHELL=CMD" "COMPILER=arm-none-eabi-gcc" "ARCHIVER=arm-none-eabi-ar" "COMPILER_FLAGS=  -O2 -c" "EXTRA_COMPILER_FLAGS=-mcpu=cortex-a9 -mfpu=vfpv3 -mfloat-abi=hard -nostartfiles -g -Wall -Wextra"
"Running Make include in ps7_cortexa9_0/libsrc/PWM_v1_0/src"
make -C ps7_cortexa9_0/libsrc/PWM_v1_0/src -s include  "SHELL=CMD" "COMPILER=arm-none-eabi-gcc" "ARCHIVER=arm-none-eabi-ar" "COMPILER_FLAGS=  -O2 -c" "EXTRA_COMPILER_FLAGS=-mcpu=cortex-a9 -mfpu=vfpv3 -mfloat-abi=hard -nostartfiles -g -Wall -Wextra"
"Running Make include in ps7_cortexa9_0/libsrc/scugic_v4_0/src"
make -C ps7_cortexa9_0/libsrc/scugic_v4_0/src -s include  "SHELL=CMD" "COMPILER=arm-none-eabi-gcc" "ARCHIVER=arm-none-eabi-ar" "COMPILER_FLAGS=  -O2 -c" "EXTRA_COMPILER_FLAGS=-mcpu=cortex-a9 -mfpu=vfpv3 -mfloat-abi=hard -nostartfiles -g -Wall -Wextra"
"Running Make include in ps7_cortexa9_0/libsrc/scutimer_v2_1/src"
make -C ps7_cortexa9_0/libsrc/scutimer_v2_1/src -s include  "SHELL=CMD" "COMPILER=arm-none-eabi-gcc" "ARCHIVER=arm-none-eabi-ar" "COMPILER_FLAGS=  -O2 -c" "EXTRA_COMPILER_FLAGS=-mcpu=cortex-a9 -mfpu=vfpv3 -mfloat-abi=hard -nostartfiles -g -Wall -Wextra"
"Running Make include in ps7_cortexa9_0/libsrc/scuwdt_v2_1/src"
make -C ps7_cortexa9_0/libsrc/scuwdt_v2_1/src -s include  "SHELL=CMD" "COMPILER=arm-none-eabi-gcc" "ARCHIVER=arm-none-eabi-ar" "COMPILER_FLAGS=  -O2 -c" "EXTRA_COMPILER_FLAGS=-mcpu=cortex-a9 -mfpu=vfpv3 -mfloat-abi=hard -nostartfiles -g -Wall -Wextra"
"Running Make include in ps7_cortexa9_0/libsrc/sdps_v3_7/src"
make -C ps7_cortexa9_0/libsrc/sdps_v3_7/src -s include  "SHELL=CMD" "COMPILER=arm-none-eabi-gcc" "ARCHIVER=arm-none-eabi-ar" "COMPILER_FLAGS=  -O2 -c" "EXTRA_COMPILER_FLAGS=-mcpu=cortex-a9 -mfpu=vfpv3 -mfloat-abi=hard -nostartfiles -g -Wall -Wextra"
"Running Make include in ps7_cortexa9_0/libsrc/standalone_v7_0/src"
make -C ps7_cortexa9_0/libsrc/standalone_v7_0/src -s include  "SHELL=CMD" "COMPILER=arm-none-eabi-gcc" "ARCHIVER=arm-none-eabi-ar" "COMPILER_FLAGS=  -O2 -c" "EXTRA_COMPILER_FLAGS=-mcpu=cortex-a9 -mfpu=vfpv3 -mfloat-abi=hard -nostartfiles -g -Wall -Wextra"
"Running Make include in ps7_cortexa9_0/libsrc/sysmon_v7_5/src"
make -C ps7_cortexa9_0/libsrc/sysmon_v7_5/src -s include  "SHELL=CMD" "COMPILER=arm-none-eabi-gcc" "ARCHIVER=arm-none-eabi-ar" "COMPILER_FLAGS=  -O2 -c" "EXTRA_COMPILER_FLAGS=-mcpu=cortex-a9 -mfpu=vfpv3 -mfloat-abi=hard -nostartfiles -g -Wall -Wextra"
"Running Make include in ps7_cortexa9_0/libsrc/tmrctr_v4_5/src"
make -C ps7_cortexa9_0/libsrc/tmrctr_v4_5/src -s include  "SHELL=CMD" "COMPILER=arm-none-eabi-gcc" "ARCHIVER=arm-none-eabi-ar" "COMPILER_FLAGS=  -O2 -c" "EXTRA_COMPILER_FLAGS=-mcpu=cortex-a9 -mfpu=vfpv3 -mfloat-abi=hard -nostartfiles -g -Wall -Wextra"
"Running Make include in ps7_cortexa9_0/libsrc/uartps_v3_7/src"
make -C ps7_cortexa9_0/libsrc/uartps_v3_7/src -s include  "SHELL=CMD" "COMPILER=arm-none-eabi-gcc" "ARCHIVER=arm-none-eabi-ar" "COMPILER_FLAGS=  -O2 -c" "EXTRA_COMPILER_FLAGS=-mcpu=cortex-a9 -mfpu=vfpv3 -mfloat-abi=hard -nostartfiles -g -Wall -Wextra"
"Running Make include in ps7_cortexa9_0/libsrc/usbps_v2_4/src"
make -C ps7_cortexa9_0/libsrc/usbps_v2_4/src -s include  "SHELL=CMD" "COMPILER=arm-none-eabi-gcc" "ARCHIVER=arm-none-eabi-ar" "COMPILER_FLAGS=  -O2 -c" "EXTRA_COMPILER_FLAGS=-mcpu=cortex-a9 -mfpu=vfpv3 -mfloat-abi=hard -nostartfiles -g -Wall -Wextra"
"Running Make include in ps7_cortexa9_0/libsrc/xadcps_v2_3/src"
make -C ps7_cortexa9_0/libsrc/xadcps_v2_3/src -s include  "SHELL=CMD" "COMPILER=arm-none-eabi-gcc" "ARCHIVER=arm-none-eabi-ar" "COMPILER_FLAGS=  -O2 -c" "EXTRA_COMPILER_FLAGS=-mcpu=cortex-a9 -mfpu=vfpv3 -mfloat-abi=hard -nostartfiles -g -Wall -Wextra"
"Running Make libs in ps7_cortexa9_0/libsrc/coresightps_dcc_v1_5/src"
make -C ps7_cortexa9_0/libsrc/coresightps_dcc_v1_5/src -s libs  "SHELL=CMD" "COMPILER=arm-none-eabi-gcc" "ARCHIVER=arm-none-eabi-ar" "COMPILER_FLAGS=  -O2 -c" "EXTRA_COMPILER_FLAGS=-mcpu=cortex-a9 -mfpu=vfpv3 -mfloat-abi=hard -nostartfiles -g -Wall -Wextra"
"Compiling coresightps_dcc"
arm-none-eabi-ar: creating ../../../lib/libxil.a
"Running Make libs in ps7_cortexa9_0/libsrc/cpu_cortexa9_v2_7/src"
make -C ps7_cortexa9_0/libsrc/cpu_cortexa9_v2_7/src -s libs  "SHELL=CMD" "COMPILER=arm-none-eabi-gcc" "ARCHIVER=arm-none-eabi-ar" "COMPILER_FLAGS=  -O2 -c" "EXTRA_COMPILER_FLAGS=-mcpu=cortex-a9 -mfpu=vfpv3 -mfloat-abi=hard -nostartfiles -g -Wall -Wextra"
"Compiling cpu_cortexa9"
"Running Make libs in ps7_cortexa9_0/libsrc/ddrps_v1_0/src"
make -C ps7_cortexa9_0/libsrc/ddrps_v1_0/src -s libs  "SHELL=CMD" "COMPILER=arm-none-eabi-gcc" "ARCHIVER=arm-none-eabi-ar" "COMPILER_FLAGS=  -O2 -c" "EXTRA_COMPILER_FLAGS=-mcpu=cortex-a9 -mfpu=vfpv3 -mfloat-abi=hard -nostartfiles -g -Wall -Wextra"
"Compiling ddrps"
"Running Make libs in ps7_cortexa9_0/libsrc/devcfg_v3_5/src"
make -C ps7_cortexa9_0/libsrc/devcfg_v3_5/src -s libs  "SHELL=CMD" "COMPILER=arm-none-eabi-gcc" "ARCHIVER=arm-none-eabi-ar" "COMPILER_FLAGS=  -O2 -c" "EXTRA_COMPILER_FLAGS=-mcpu=cortex-a9 -mfpu=vfpv3 -mfloat-abi=hard -nostartfiles -g -Wall -Wextra"
"Compiling devcfg"
"Running Make libs in ps7_cortexa9_0/libsrc/dmaps_v2_4/src"
make -C ps7_cortexa9_0/libsrc/dmaps_v2_4/src -s libs  "SHELL=CMD" "COMPILER=arm-none-eabi-gcc" "ARCHIVER=arm-none-eabi-ar" "COMPILER_FLAGS=  -O2 -c" "EXTRA_COMPILER_FLAGS=-mcpu=cortex-a9 -mfpu=vfpv3 -mfloat-abi=hard -nostartfiles -g -Wall -Wextra"
"Compiling dmaps"
"Running Make libs in ps7_cortexa9_0/libsrc/emacps_v3_9/src"
make -C ps7_cortexa9_0/libsrc/emacps_v3_9/src -s libs  "SHELL=CMD" "COMPILER=arm-none-eabi-gcc" "ARCHIVER=arm-none-eabi-ar" "COMPILER_FLAGS=  -O2 -c" "EXTRA_COMPILER_FLAGS=-mcpu=cortex-a9 -mfpu=vfpv3 -mfloat-abi=hard -nostartfiles -g -Wall -Wextra"
"Compiling emacps"
"Running Make libs in ps7_cortexa9_0/libsrc/gpiops_v3_5/src"
make -C ps7_cortexa9_0/libsrc/gpiops_v3_5/src -s libs  "SHELL=CMD" "COMPILER=arm-none-eabi-gcc" "ARCHIVER=arm-none-eabi-ar" "COMPILER_FLAGS=  -O2 -c" "EXTRA_COMPILER_FLAGS=-mcpu=cortex-a9 -mfpu=vfpv3 -mfloat-abi=hard -nostartfiles -g -Wall -Wextra"
"Compiling gpiops"
"Running Make libs in ps7_cortexa9_0/libsrc/gpio_v4_4/src"
make -C ps7_cortexa9_0/libsrc/gpio_v4_4/src -s libs  "SHELL=CMD" "COMPILER=arm-none-eabi-gcc" "ARCHIVER=arm-none-eabi-ar" "COMPILER_FLAGS=  -O2 -c" "EXTRA_COMPILER_FLAGS=-mcpu=cortex-a9 -mfpu=vfpv3 -mfloat-abi=hard -nostartfiles -g -Wall -Wextra"
"Compiling gpio"
"Running Make libs in ps7_cortexa9_0/libsrc/PWM_v1_0/src"
make -C ps7_cortexa9_0/libsrc/PWM_v1_0/src -s libs  "SHELL=CMD" "COMPILER=arm-none-eabi-gcc" "ARCHIVER=arm-none-eabi-ar" "COMPILER_FLAGS=  -O2 -c" "EXTRA_COMPILER_FLAGS=-mcpu=cortex-a9 -mfpu=vfpv3 -mfloat-abi=hard -nostartfiles -g -Wall -Wextra"
"Compiling PWM..."
PWM_selftest.c: In function 'PWM_Reg_SelfTest':
PWM_selftest.c:52:52: warning: comparison of integer expressions of different signedness: 'u32' {aka 'long unsigned int'} and 'int' [-Wsign-compare]
    if ( PWM_mReadReg (baseaddr, read_loop_index*4) != (read_loop_index+1)*READ_WRITE_MUL_FACTOR){
                                                    ^~
PWM_selftest.c:36:6: warning: unused variable 'Index' [-Wunused-variable]
  int Index;
      ^~~~~
"Running Make libs in ps7_cortexa9_0/libsrc/scugic_v4_0/src"
make -C ps7_cortexa9_0/libsrc/scugic_v4_0/src -s libs  "SHELL=CMD" "COMPILER=arm-none-eabi-gcc" "ARCHIVER=arm-none-eabi-ar" "COMPILER_FLAGS=  -O2 -c" "EXTRA_COMPILER_FLAGS=-mcpu=cortex-a9 -mfpu=vfpv3 -mfloat-abi=hard -nostartfiles -g -Wall -Wextra"
"Compiling scugic"
"Running Make libs in ps7_cortexa9_0/libsrc/scutimer_v2_1/src"
make -C ps7_cortexa9_0/libsrc/scutimer_v2_1/src -s libs  "SHELL=CMD" "COMPILER=arm-none-eabi-gcc" "ARCHIVER=arm-none-eabi-ar" "COMPILER_FLAGS=  -O2 -c" "EXTRA_COMPILER_FLAGS=-mcpu=cortex-a9 -mfpu=vfpv3 -mfloat-abi=hard -nostartfiles -g -Wall -Wextra"
"Compiling scutimer"
"Running Make libs in ps7_cortexa9_0/libsrc/scuwdt_v2_1/src"
make -C ps7_cortexa9_0/libsrc/scuwdt_v2_1/src -s libs  "SHELL=CMD" "COMPILER=arm-none-eabi-gcc" "ARCHIVER=arm-none-eabi-ar" "COMPILER_FLAGS=  -O2 -c" "EXTRA_COMPILER_FLAGS=-mcpu=cortex-a9 -mfpu=vfpv3 -mfloat-abi=hard -nostartfiles -g -Wall -Wextra"
"Compiling scuwdt"
"Running Make libs in ps7_cortexa9_0/libsrc/sdps_v3_7/src"
make -C ps7_cortexa9_0/libsrc/sdps_v3_7/src -s libs  "SHELL=CMD" "COMPILER=arm-none-eabi-gcc" "ARCHIVER=arm-none-eabi-ar" "COMPILER_FLAGS=  -O2 -c" "EXTRA_COMPILER_FLAGS=-mcpu=cortex-a9 -mfpu=vfpv3 -mfloat-abi=hard -nostartfiles -g -Wall -Wextra"
"Compiling sdps"
"Running Make libs in ps7_cortexa9_0/libsrc/standalone_v7_0/src"
make -C ps7_cortexa9_0/libsrc/standalone_v7_0/src -s libs  "SHELL=CMD" "COMPILER=arm-none-eabi-gcc" "ARCHIVER=arm-none-eabi-ar" "COMPILER_FLAGS=  -O2 -c" "EXTRA_COMPILER_FLAGS=-mcpu=cortex-a9 -mfpu=vfpv3 -mfloat-abi=hard -nostartfiles -g -Wall -Wextra"
"Compiling standalone"
In file included from usleep.c:56:
xtime_l.h:87:9: note: #pragma message: For the sleep routines, Global timer is being used
 #pragma message ("For the sleep routines, Global timer is being used")
         ^~~~~~~
In file included from xil_sleeptimer.c:51:
xtime_l.h:87:9: note: #pragma message: For the sleep routines, Global timer is being used
 #pragma message ("For the sleep routines, Global timer is being used")
         ^~~~~~~
In file included from xtime_l.c:49:
xtime_l.h:87:9: note: #pragma message: For the sleep routines, Global timer is being used
 #pragma message ("For the sleep routines, Global timer is being used")
         ^~~~~~~
In file included from sleep.c:53:
xtime_l.h:87:9: note: #pragma message: For the sleep routines, Global timer is being used
 #pragma message ("For the sleep routines, Global timer is being used")
         ^~~~~~~
"Running Make libs in ps7_cortexa9_0/libsrc/sysmon_v7_5/src"
make -C ps7_cortexa9_0/libsrc/sysmon_v7_5/src -s libs  "SHELL=CMD" "COMPILER=arm-none-eabi-gcc" "ARCHIVER=arm-none-eabi-ar" "COMPILER_FLAGS=  -O2 -c" "EXTRA_COMPILER_FLAGS=-mcpu=cortex-a9 -mfpu=vfpv3 -mfloat-abi=hard -nostartfiles -g -Wall -Wextra"
"Compiling sysmon"
"Running Make libs in ps7_cortexa9_0/libsrc/tmrctr_v4_5/src"
make -C ps7_cortexa9_0/libsrc/tmrctr_v4_5/src -s libs  "SHELL=CMD" "COMPILER=arm-none-eabi-gcc" "ARCHIVER=arm-none-eabi-ar" "COMPILER_FLAGS=  -O2 -c" "EXTRA_COMPILER_FLAGS=-mcpu=cortex-a9 -mfpu=vfpv3 -mfloat-abi=hard -nostartfiles -g -Wall -Wextra"
"Compiling tmrctr"
"Running Make libs in ps7_cortexa9_0/libsrc/uartps_v3_7/src"
make -C ps7_cortexa9_0/libsrc/uartps_v3_7/src -s libs  "SHELL=CMD" "COMPILER=arm-none-eabi-gcc" "ARCHIVER=arm-none-eabi-ar" "COMPILER_FLAGS=  -O2 -c" "EXTRA_COMPILER_FLAGS=-mcpu=cortex-a9 -mfpu=vfpv3 -mfloat-abi=hard -nostartfiles -g -Wall -Wextra"
"Compiling uartps"
"Running Make libs in ps7_cortexa9_0/libsrc/usbps_v2_4/src"
make -C ps7_cortexa9_0/libsrc/usbps_v2_4/src -s libs  "SHELL=CMD" "COMPILER=arm-none-eabi-gcc" "ARCHIVER=arm-none-eabi-ar" "COMPILER_FLAGS=  -O2 -c" "EXTRA_COMPILER_FLAGS=-mcpu=cortex-a9 -mfpu=vfpv3 -mfloat-abi=hard -nostartfiles -g -Wall -Wextra"
"Compiling usbps"
"Running Make libs in ps7_cortexa9_0/libsrc/xadcps_v2_3/src"
make -C ps7_cortexa9_0/libsrc/xadcps_v2_3/src -s libs  "SHELL=CMD" "COMPILER=arm-none-eabi-gcc" "ARCHIVER=arm-none-eabi-ar" "COMPILER_FLAGS=  -O2 -c" "EXTRA_COMPILER_FLAGS=-mcpu=cortex-a9 -mfpu=vfpv3 -mfloat-abi=hard -nostartfiles -g -Wall -Wextra"
"Compiling xadcps"
'Finished building libraries'
22:56:51 **** Build of configuration Debug for project SYSTEM ****
make pre-build main-build 
a9-linaro-pre-build-step
' '
'Building file: ../src/helloworld.c'
'Invoking: ARM v7 gcc compiler'
arm-none-eabi-gcc -Wall -O0 -g3 -c -fmessage-length=0 -MT"src/helloworld.o" -mcpu=cortex-a9 -mfpu=vfpv3 -mfloat-abi=hard -I../../standalone_bsp_0/ps7_cortexa9_0/include -MMD -MP -MF"src/helloworld.d" -MT"src/helloworld.o" -o "src/helloworld.o" "../src/helloworld.c"
'Finished building: ../src/helloworld.c'
' '
'Building file: ../src/platform.c'
'Invoking: ARM v7 gcc compiler'
arm-none-eabi-gcc -Wall -O0 -g3 -c -fmessage-length=0 -MT"src/platform.o" -mcpu=cortex-a9 -mfpu=vfpv3 -mfloat-abi=hard -I../../standalone_bsp_0/ps7_cortexa9_0/include -MMD -MP -MF"src/platform.d" -MT"src/platform.o" -o "src/platform.o" "../src/platform.c"
'Finished building: ../src/platform.c'
' '
'Building target: SYSTEM.elf'
'Invoking: ARM v7 gcc linker'
arm-none-eabi-gcc -mcpu=cortex-a9 -mfpu=vfpv3 -mfloat-abi=hard -Wl,-build-id=none -specs=Xilinx.spec -Wl,-T -Wl,../src/lscript.ld -L../../standalone_bsp_0/ps7_cortexa9_0/lib -o "SYSTEM.elf"  ./src/helloworld.o ./src/platform.o   -Wl,--start-group,-lxil,-lgcc,-lc,--end-group
'Finished building target: SYSTEM.elf'
' '
'Invoking: ARM v7 Print Size'
arm-none-eabi-size SYSTEM.elf  |tee "SYSTEM.elf.size"
   text	   data	    bss	    dec	    hex	filename
  19060	   1144	  22568	  42772	   a714	SYSTEM.elf
'Finished building: SYSTEM.elf.size'
' '
22:56:54 **** Auto Build of configuration Debug for project SYSTEM ****
make pre-build main-build 
a9-linaro-pre-build-step
' '
make: Nothing to be done for 'main-build'.
22:58:35 **** Auto Build of configuration Debug for project SYSTEM ****
make pre-build main-build 
a9-linaro-pre-build-step
' '
'Building file: ../src/main.c'
'Invoking: ARM v7 gcc compiler'
arm-none-eabi-gcc -Wall -O0 -g3 -c -fmessage-length=0 -MT"src/main.o" -mcpu=cortex-a9 -mfpu=vfpv3 -mfloat-abi=hard -I../../standalone_bsp_0/ps7_cortexa9_0/include -MMD -MP -MF"src/main.d" -MT"src/main.o" -o "src/main.o" "../src/main.c"
'Finished building: ../src/main.c'
' '
'Building target: SYSTEM.elf'
'Invoking: ARM v7 gcc linker'
arm-none-eabi-gcc -mcpu=cortex-a9 -mfpu=vfpv3 -mfloat-abi=hard -Wl,-build-id=none -specs=Xilinx.spec -Wl,-T -Wl,../src/lscript.ld -L../../standalone_bsp_0/ps7_cortexa9_0/lib -o "SYSTEM.elf"  ./src/helloworld.o ./src/main.o ./src/platform.o   -Wl,--start-group,-lxil,-lgcc,-lc,--end-group
'Finished building target: SYSTEM.elf'
' '
'Invoking: ARM v7 Print Size'
arm-none-eabi-size SYSTEM.elf  |tee "SYSTEM.elf.size"
   text	   data	    bss	    dec	    hex	filename
  19060	   1144	  22568	  42772	   a714	SYSTEM.elf
'Finished building: SYSTEM.elf.size'
' '
23:41:57 **** Auto Build of configuration Debug for project SYSTEM ****
make pre-build main-build 
a9-linaro-pre-build-step
' '
'Building file: ../src/main.c'
'Invoking: ARM v7 gcc compiler'
arm-none-eabi-gcc -Wall -O0 -g3 -c -fmessage-length=0 -MT"src/main.o" -mcpu=cortex-a9 -mfpu=vfpv3 -mfloat-abi=hard -I../../standalone_bsp_0/ps7_cortexa9_0/include -MMD -MP -MF"src/main.d" -MT"src/main.o" -o "src/main.o" "../src/main.c"
../src/main.c:40:35: error: unknown type name 'bool'; did you mean '_Bool'?
 void PWM_Run(int period, int duty,bool enable){
                                   ^~~~
                                   _Bool
../src/main.c: In function 'PWM_Read':
../src/main.c:46:2: warning: implicit declaration of function 'printf' [-Wimplicit-function-declaration]
  printf("PWM Duty: %d, PWM Period: %d",PWM_Get_Period(XPAR_PWM_0_PWM_AXI_BASEADDR),PWM_Get_Duty(XPAR_PWM_0_PWM_AXI_BASEADDR));
  ^~~~~~
../src/main.c:46:2: warning: incompatible implicit declaration of built-in function 'printf'
../src/main.c:46:2: note: include '<stdio.h>' or provide a declaration of 'printf'
../src/main.c:8:1:
+#include <stdio.h>
 
../src/main.c:46:2:
  printf("PWM Duty: %d, PWM Period: %d",PWM_Get_Period(XPAR_PWM_0_PWM_AXI_BASEADDR),PWM_Get_Duty(XPAR_PWM_0_PWM_AXI_BASEADDR));
  ^~~~~~
../src/main.c:46:84: error: too few arguments to function 'PWM_Get_Duty'
  printf("PWM Duty: %d, PWM Period: %d",PWM_Get_Period(XPAR_PWM_0_PWM_AXI_BASEADDR),PWM_Get_Duty(XPAR_PWM_0_PWM_AXI_BASEADDR));
                                                                                    ^~~~~~~~~~~~
In file included from ../src/main.c:7:
../../standalone_bsp_0/ps7_cortexa9_0/include/PWM.h:81:5: note: declared here
 u32 PWM_Get_Duty(u32 baseAddr, u32 pwmIndex);
     ^~~~~~~~~~~~
../src/main.c: At top level:
../src/main.c:49:63: error: unknown type name 'bool'; did you mean '_Bool'?
 void timerPWM_Run(XTmrCtr *InstancePtr, int period, int duty, bool enable){
                                                               ^~~~
                                                               _Bool
make: *** [src/subdir.mk:29: src/main.o] Error 1
23:42:55 **** Auto Build of configuration Debug for project SYSTEM ****
make pre-build main-build 
a9-linaro-pre-build-step
' '
'Building file: ../src/main.c'
'Invoking: ARM v7 gcc compiler'
arm-none-eabi-gcc -Wall -O0 -g3 -c -fmessage-length=0 -MT"src/main.o" -mcpu=cortex-a9 -mfpu=vfpv3 -mfloat-abi=hard -I../../standalone_bsp_0/ps7_cortexa9_0/include -MMD -MP -MF"src/main.d" -MT"src/main.o" -o "src/main.o" "../src/main.c"
../src/main.c: In function 'PWM_Run':
../src/main.c:42:2: error: 'enable' undeclared (first use in this function); did you mean 'double'?
  enable ? PWM_Enable(XPAR_PWM_0_PWM_AXI_BASEADDR) : PWM_Disable(XPAR_PWM_0_PWM_AXI_BASEADDR);
  ^~~~~~
  double
../src/main.c:42:2: note: each undeclared identifier is reported only once for each function it appears in
../src/main.c: In function 'PWM_Read':
../src/main.c:46:2: warning: implicit declaration of function 'printf' [-Wimplicit-function-declaration]
  printf("PWM Duty: %d, PWM Period: %d",PWM_Get_Period(XPAR_PWM_0_PWM_AXI_BASEADDR),PWM_Get_Duty(XPAR_PWM_0_PWM_AXI_BASEADDR));
  ^~~~~~
../src/main.c:46:2: warning: incompatible implicit declaration of built-in function 'printf'
../src/main.c:46:2: note: include '<stdio.h>' or provide a declaration of 'printf'
../src/main.c:8:1:
+#include <stdio.h>
 
../src/main.c:46:2:
  printf("PWM Duty: %d, PWM Period: %d",PWM_Get_Period(XPAR_PWM_0_PWM_AXI_BASEADDR),PWM_Get_Duty(XPAR_PWM_0_PWM_AXI_BASEADDR));
  ^~~~~~
../src/main.c:46:84: error: too few arguments to function 'PWM_Get_Duty'
  printf("PWM Duty: %d, PWM Period: %d",PWM_Get_Period(XPAR_PWM_0_PWM_AXI_BASEADDR),PWM_Get_Duty(XPAR_PWM_0_PWM_AXI_BASEADDR));
                                                                                    ^~~~~~~~~~~~
In file included from ../src/main.c:7:
../../standalone_bsp_0/ps7_cortexa9_0/include/PWM.h:81:5: note: declared here
 u32 PWM_Get_Duty(u32 baseAddr, u32 pwmIndex);
     ^~~~~~~~~~~~
../src/main.c: At top level:
../src/main.c:49:63: error: unknown type name 'bool'; did you mean '_Bool'?
 void timerPWM_Run(XTmrCtr *InstancePtr, int period, int duty, bool enable){
                                                               ^~~~
                                                               _Bool
make: *** [src/subdir.mk:29: src/main.o] Error 1
23:49:10 **** Auto Build of configuration Debug for project SYSTEM ****
make pre-build main-build 
a9-linaro-pre-build-step
' '
'Building file: ../src/main.c'
'Invoking: ARM v7 gcc compiler'
arm-none-eabi-gcc -Wall -O0 -g3 -c -fmessage-length=0 -MT"src/main.o" -mcpu=cortex-a9 -mfpu=vfpv3 -mfloat-abi=hard -I../../standalone_bsp_0/ps7_cortexa9_0/include -MMD -MP -MF"src/main.d" -MT"src/main.o" -o "src/main.o" "../src/main.c"
../src/main.c: In function 'PWM_Run':
../src/main.c:42:2: error: 'enable' undeclared (first use in this function); did you mean 'double'?
  enable ? PWM_Enable(XPAR_PWM_0_PWM_AXI_BASEADDR) : PWM_Disable(XPAR_PWM_0_PWM_AXI_BASEADDR);
  ^~~~~~
  double
../src/main.c:42:2: note: each undeclared identifier is reported only once for each function it appears in
../src/main.c: In function 'PWM_Read':
../src/main.c:46:2: warning: implicit declaration of function 'printf' [-Wimplicit-function-declaration]
  printf("PWM Duty: %d, PWM Period: %d",PWM_Get_Period(XPAR_PWM_0_PWM_AXI_BASEADDR),PWM_Get_Duty(XPAR_PWM_0_PWM_AXI_BASEADDR,0));
  ^~~~~~
../src/main.c:46:2: warning: incompatible implicit declaration of built-in function 'printf'
../src/main.c:46:2: note: include '<stdio.h>' or provide a declaration of 'printf'
../src/main.c:8:1:
+#include <stdio.h>
 
../src/main.c:46:2:
  printf("PWM Duty: %d, PWM Period: %d",PWM_Get_Period(XPAR_PWM_0_PWM_AXI_BASEADDR),PWM_Get_Duty(XPAR_PWM_0_PWM_AXI_BASEADDR,0));
  ^~~~~~
../src/main.c:46:21: warning: format '%d' expects argument of type 'int', but argument 2 has type 'u32' {aka 'long unsigned int'} [-Wformat=]
  printf("PWM Duty: %d, PWM Period: %d",PWM_Get_Period(XPAR_PWM_0_PWM_AXI_BASEADDR),PWM_Get_Duty(XPAR_PWM_0_PWM_AXI_BASEADDR,0));
                    ~^                  ~~~~~~~~~~~~~~~~~~~~~~~~~~~~~~~~~~~~~~~~~~~
                    %ld
../src/main.c:46:37: warning: format '%d' expects argument of type 'int', but argument 3 has type 'u32' {aka 'long unsigned int'} [-Wformat=]
  printf("PWM Duty: %d, PWM Period: %d",PWM_Get_Period(XPAR_PWM_0_PWM_AXI_BASEADDR),PWM_Get_Duty(XPAR_PWM_0_PWM_AXI_BASEADDR,0));
                                    ~^                                              ~~~~~~~~~~~~~~~~~~~~~~~~~~~~~~~~~~~~~~~~~~~
                                    %ld
../src/main.c: At top level:
../src/main.c:49:63: error: unknown type name 'bool'; did you mean '_Bool'?
 void timerPWM_Run(XTmrCtr *InstancePtr, int period, int duty, bool enable){
                                                               ^~~~
                                                               _Bool
make: *** [src/subdir.mk:29: src/main.o] Error 1
23:49:32 **** Auto Build of configuration Debug for project SYSTEM ****
make pre-build main-build 
a9-linaro-pre-build-step
' '
'Building file: ../src/main.c'
'Invoking: ARM v7 gcc compiler'
arm-none-eabi-gcc -Wall -O0 -g3 -c -fmessage-length=0 -MT"src/main.o" -mcpu=cortex-a9 -mfpu=vfpv3 -mfloat-abi=hard -I../../standalone_bsp_0/ps7_cortexa9_0/include -MMD -MP -MF"src/main.d" -MT"src/main.o" -o "src/main.o" "../src/main.c"
../src/main.c: In function 'PWM_Run':
../src/main.c:42:2: error: 'enable' undeclared (first use in this function); did you mean 'double'?
  enable ? PWM_Enable(XPAR_PWM_0_PWM_AXI_BASEADDR) : PWM_Disable(XPAR_PWM_0_PWM_AXI_BASEADDR);
  ^~~~~~
  double
../src/main.c:42:2: note: each undeclared identifier is reported only once for each function it appears in
../src/main.c: In function 'PWM_Read':
../src/main.c:46:2: warning: implicit declaration of function 'printf' [-Wimplicit-function-declaration]
  printf("PWM Duty: %d, PWM Period: %d",PWM_Get_Period(XPAR_PWM_0_PWM_AXI_BASEADDR),PWM_Get_Duty(XPAR_PWM_0_PWM_AXI_BASEADDR,0));
  ^~~~~~
../src/main.c:46:2: warning: incompatible implicit declaration of built-in function 'printf'
../src/main.c:46:2: note: include '<stdio.h>' or provide a declaration of 'printf'
../src/main.c:8:1:
+#include <stdio.h>
 
../src/main.c:46:2:
  printf("PWM Duty: %d, PWM Period: %d",PWM_Get_Period(XPAR_PWM_0_PWM_AXI_BASEADDR),PWM_Get_Duty(XPAR_PWM_0_PWM_AXI_BASEADDR,0));
  ^~~~~~
../src/main.c:46:21: warning: format '%d' expects argument of type 'int', but argument 2 has type 'u32' {aka 'long unsigned int'} [-Wformat=]
  printf("PWM Duty: %d, PWM Period: %d",PWM_Get_Period(XPAR_PWM_0_PWM_AXI_BASEADDR),PWM_Get_Duty(XPAR_PWM_0_PWM_AXI_BASEADDR,0));
                    ~^                  ~~~~~~~~~~~~~~~~~~~~~~~~~~~~~~~~~~~~~~~~~~~
                    %ld
../src/main.c:46:37: warning: format '%d' expects argument of type 'int', but argument 3 has type 'u32' {aka 'long unsigned int'} [-Wformat=]
  printf("PWM Duty: %d, PWM Period: %d",PWM_Get_Period(XPAR_PWM_0_PWM_AXI_BASEADDR),PWM_Get_Duty(XPAR_PWM_0_PWM_AXI_BASEADDR,0));
                                    ~^                                              ~~~~~~~~~~~~~~~~~~~~~~~~~~~~~~~~~~~~~~~~~~~
                                    %ld
../src/main.c: At top level:
../src/main.c:49:62: error: unknown type name 'boolean'
 void timerPWM_Run(XTmrCtr *InstancePtr, int period, int duty,boolean test){
                                                              ^~~~~~~
make: *** [src/subdir.mk:29: src/main.o] Error 1
23:50:03 **** Auto Build of configuration Debug for project SYSTEM ****
make pre-build main-build 
a9-linaro-pre-build-step
' '
'Building file: ../src/main.c'
'Invoking: ARM v7 gcc compiler'
arm-none-eabi-gcc -Wall -O0 -g3 -c -fmessage-length=0 -MT"src/main.o" -mcpu=cortex-a9 -mfpu=vfpv3 -mfloat-abi=hard -I../../standalone_bsp_0/ps7_cortexa9_0/include -MMD -MP -MF"src/main.d" -MT"src/main.o" -o "src/main.o" "../src/main.c"
../src/main.c: In function 'PWM_Run':
../src/main.c:43:2: error: 'enable' undeclared (first use in this function); did you mean 'double'?
  enable ? PWM_Enable(XPAR_PWM_0_PWM_AXI_BASEADDR) : PWM_Disable(XPAR_PWM_0_PWM_AXI_BASEADDR);
  ^~~~~~
  double
../src/main.c:43:2: note: each undeclared identifier is reported only once for each function it appears in
../src/main.c: In function 'PWM_Read':
../src/main.c:47:2: warning: implicit declaration of function 'printf' [-Wimplicit-function-declaration]
  printf("PWM Duty: %d, PWM Period: %d",PWM_Get_Period(XPAR_PWM_0_PWM_AXI_BASEADDR),PWM_Get_Duty(XPAR_PWM_0_PWM_AXI_BASEADDR,0));
  ^~~~~~
../src/main.c:47:2: warning: incompatible implicit declaration of built-in function 'printf'
../src/main.c:47:2: note: include '<stdio.h>' or provide a declaration of 'printf'
../src/main.c:9:1:
+#include <stdio.h>
 
../src/main.c:47:2:
  printf("PWM Duty: %d, PWM Period: %d",PWM_Get_Period(XPAR_PWM_0_PWM_AXI_BASEADDR),PWM_Get_Duty(XPAR_PWM_0_PWM_AXI_BASEADDR,0));
  ^~~~~~
../src/main.c:47:21: warning: format '%d' expects argument of type 'int', but argument 2 has type 'u32' {aka 'long unsigned int'} [-Wformat=]
  printf("PWM Duty: %d, PWM Period: %d",PWM_Get_Period(XPAR_PWM_0_PWM_AXI_BASEADDR),PWM_Get_Duty(XPAR_PWM_0_PWM_AXI_BASEADDR,0));
                    ~^                  ~~~~~~~~~~~~~~~~~~~~~~~~~~~~~~~~~~~~~~~~~~~
                    %ld
../src/main.c:47:37: warning: format '%d' expects argument of type 'int', but argument 3 has type 'u32' {aka 'long unsigned int'} [-Wformat=]
  printf("PWM Duty: %d, PWM Period: %d",PWM_Get_Period(XPAR_PWM_0_PWM_AXI_BASEADDR),PWM_Get_Duty(XPAR_PWM_0_PWM_AXI_BASEADDR,0));
                                    ~^                                              ~~~~~~~~~~~~~~~~~~~~~~~~~~~~~~~~~~~~~~~~~~~
                                    %ld
../src/main.c: At top level:
../src/main.c:50:62: error: unknown type name 'boolean'; did you mean 'bool'?
 void timerPWM_Run(XTmrCtr *InstancePtr, int period, int duty,boolean test){
                                                              ^~~~~~~
                                                              bool
make: *** [src/subdir.mk:29: src/main.o] Error 1
23:50:11 **** Auto Build of configuration Debug for project SYSTEM ****
make pre-build main-build 
a9-linaro-pre-build-step
' '
'Building file: ../src/main.c'
'Invoking: ARM v7 gcc compiler'
arm-none-eabi-gcc -Wall -O0 -g3 -c -fmessage-length=0 -MT"src/main.o" -mcpu=cortex-a9 -mfpu=vfpv3 -mfloat-abi=hard -I../../standalone_bsp_0/ps7_cortexa9_0/include -MMD -MP -MF"src/main.d" -MT"src/main.o" -o "src/main.o" "../src/main.c"
../src/main.c: In function 'PWM_Run':
../src/main.c:43:2: error: 'enable' undeclared (first use in this function); did you mean 'double'?
  enable ? PWM_Enable(XPAR_PWM_0_PWM_AXI_BASEADDR) : PWM_Disable(XPAR_PWM_0_PWM_AXI_BASEADDR);
  ^~~~~~
  double
../src/main.c:43:2: note: each undeclared identifier is reported only once for each function it appears in
../src/main.c: In function 'PWM_Read':
../src/main.c:47:2: warning: implicit declaration of function 'printf' [-Wimplicit-function-declaration]
  printf("PWM Duty: %d, PWM Period: %d",PWM_Get_Period(XPAR_PWM_0_PWM_AXI_BASEADDR),PWM_Get_Duty(XPAR_PWM_0_PWM_AXI_BASEADDR,0));
  ^~~~~~
../src/main.c:47:2: warning: incompatible implicit declaration of built-in function 'printf'
../src/main.c:47:2: note: include '<stdio.h>' or provide a declaration of 'printf'
../src/main.c:9:1:
+#include <stdio.h>
 
../src/main.c:47:2:
  printf("PWM Duty: %d, PWM Period: %d",PWM_Get_Period(XPAR_PWM_0_PWM_AXI_BASEADDR),PWM_Get_Duty(XPAR_PWM_0_PWM_AXI_BASEADDR,0));
  ^~~~~~
../src/main.c:47:21: warning: format '%d' expects argument of type 'int', but argument 2 has type 'u32' {aka 'long unsigned int'} [-Wformat=]
  printf("PWM Duty: %d, PWM Period: %d",PWM_Get_Period(XPAR_PWM_0_PWM_AXI_BASEADDR),PWM_Get_Duty(XPAR_PWM_0_PWM_AXI_BASEADDR,0));
                    ~^                  ~~~~~~~~~~~~~~~~~~~~~~~~~~~~~~~~~~~~~~~~~~~
                    %ld
../src/main.c:47:37: warning: format '%d' expects argument of type 'int', but argument 3 has type 'u32' {aka 'long unsigned int'} [-Wformat=]
  printf("PWM Duty: %d, PWM Period: %d",PWM_Get_Period(XPAR_PWM_0_PWM_AXI_BASEADDR),PWM_Get_Duty(XPAR_PWM_0_PWM_AXI_BASEADDR,0));
                                    ~^                                              ~~~~~~~~~~~~~~~~~~~~~~~~~~~~~~~~~~~~~~~~~~~
                                    %ld
make: *** [src/subdir.mk:29: src/main.o] Error 1
23:50:25 **** Auto Build of configuration Debug for project SYSTEM ****
make pre-build main-build 
a9-linaro-pre-build-step
' '
'Building file: ../src/main.c'
'Invoking: ARM v7 gcc compiler'
arm-none-eabi-gcc -Wall -O0 -g3 -c -fmessage-length=0 -MT"src/main.o" -mcpu=cortex-a9 -mfpu=vfpv3 -mfloat-abi=hard -I../../standalone_bsp_0/ps7_cortexa9_0/include -MMD -MP -MF"src/main.d" -MT"src/main.o" -o "src/main.o" "../src/main.c"
../src/main.c: In function 'PWM_Read':
../src/main.c:47:2: warning: implicit declaration of function 'printf' [-Wimplicit-function-declaration]
  printf("PWM Duty: %d, PWM Period: %d",PWM_Get_Period(XPAR_PWM_0_PWM_AXI_BASEADDR),PWM_Get_Duty(XPAR_PWM_0_PWM_AXI_BASEADDR,0));
  ^~~~~~
../src/main.c:47:2: warning: incompatible implicit declaration of built-in function 'printf'
../src/main.c:47:2: note: include '<stdio.h>' or provide a declaration of 'printf'
../src/main.c:9:1:
+#include <stdio.h>
 
../src/main.c:47:2:
  printf("PWM Duty: %d, PWM Period: %d",PWM_Get_Period(XPAR_PWM_0_PWM_AXI_BASEADDR),PWM_Get_Duty(XPAR_PWM_0_PWM_AXI_BASEADDR,0));
  ^~~~~~
../src/main.c:47:21: warning: format '%d' expects argument of type 'int', but argument 2 has type 'u32' {aka 'long unsigned int'} [-Wformat=]
  printf("PWM Duty: %d, PWM Period: %d",PWM_Get_Period(XPAR_PWM_0_PWM_AXI_BASEADDR),PWM_Get_Duty(XPAR_PWM_0_PWM_AXI_BASEADDR,0));
                    ~^                  ~~~~~~~~~~~~~~~~~~~~~~~~~~~~~~~~~~~~~~~~~~~
                    %ld
../src/main.c:47:37: warning: format '%d' expects argument of type 'int', but argument 3 has type 'u32' {aka 'long unsigned int'} [-Wformat=]
  printf("PWM Duty: %d, PWM Period: %d",PWM_Get_Period(XPAR_PWM_0_PWM_AXI_BASEADDR),PWM_Get_Duty(XPAR_PWM_0_PWM_AXI_BASEADDR,0));
                                    ~^                                              ~~~~~~~~~~~~~~~~~~~~~~~~~~~~~~~~~~~~~~~~~~~
                                    %ld
'Finished building: ../src/main.c'
' '
'Building target: SYSTEM.elf'
'Invoking: ARM v7 gcc linker'
arm-none-eabi-gcc -mcpu=cortex-a9 -mfpu=vfpv3 -mfloat-abi=hard -Wl,-build-id=none -specs=Xilinx.spec -Wl,-T -Wl,../src/lscript.ld -L../../standalone_bsp_0/ps7_cortexa9_0/lib -o "SYSTEM.elf"  ./src/helloworld.o ./src/main.o ./src/platform.o   -Wl,--start-group,-lxil,-lgcc,-lc,--end-group
c:/xilinx/sdk/2019.1/gnu/aarch32/nt/gcc-arm-none-eabi/bin/../lib/gcc/arm-none-eabi/8.2.0/../../../../arm-none-eabi/bin/ld.exe: ./src/main.o: in function `main':
C:\Users\sixpe\Documents\college\EE316P5\EE316P5\EE316P5.sdk\SYSTEM\Debug/../src/main.c:31: multiple definition of `main'; ./src/helloworld.o:C:\Users\sixpe\Documents\college\EE316P5\EE316P5\EE316P5.sdk\SYSTEM\Debug/../src/helloworld.c:54: first defined here
collect2.exe: error: ld returned 1 exit status
make: *** [makefile:41: SYSTEM.elf] Error 1
00:01:14 **** Auto Build of configuration Debug for project SYSTEM ****
make pre-build main-build 
a9-linaro-pre-build-step
' '
'Building file: ../src/main.c'
'Invoking: ARM v7 gcc compiler'
arm-none-eabi-gcc -Wall -O0 -g3 -c -fmessage-length=0 -MT"src/main.o" -mcpu=cortex-a9 -mfpu=vfpv3 -mfloat-abi=hard -I../../standalone_bsp_0/ps7_cortexa9_0/include -MMD -MP -MF"src/main.d" -MT"src/main.o" -o "src/main.o" "../src/main.c"
../src/main.c: In function 'main':
../src/main.c:33:2: warning: implicit declaration of function 'PWM_Config' [-Wimplicit-function-declaration]
  PWM_Config(25000000,25000000/4) //125Mhz/25000000 = .20s
  ^~~~~~~~~~
../src/main.c:33:33: error: expected ';' before 'PWM_Set_Period'
  PWM_Config(25000000,25000000/4) //125Mhz/25000000 = .20s
                                 ^
                                 ;
  PWM_Set_Period(XPAR_PWM_0_PWM_AXI_BASEADDR, 25000000); //125Mhz/25000000 = .25s
  ~~~~~~~~~~~~~~                  
../src/main.c: At top level:
../src/main.c:41:6: warning: conflicting types for 'PWM_Config'
 void PWM_Config(u32 period, u32 duty,u32 ){
      ^~~~~~~~~~
../src/main.c:33:2: note: previous implicit declaration of 'PWM_Config' was here
  PWM_Config(25000000,25000000/4) //125Mhz/25000000 = .20s
  ^~~~~~~~~~
../src/main.c: In function 'PWM_Config':
../src/main.c:41:38: error: parameter name omitted
 void PWM_Config(u32 period, u32 duty,u32 ){
                                      ^~~
../src/main.c: In function 'PWM_Read':
../src/main.c:49:2: warning: implicit declaration of function 'printf' [-Wimplicit-function-declaration]
  printf("PWM Duty: %d, PWM Period: %d",PWM_Get_Period(XPAR_PWM_0_PWM_AXI_BASEADDR),PWM_Get_Duty(XPAR_PWM_0_PWM_AXI_BASEADDR,0));
  ^~~~~~
../src/main.c:49:2: warning: incompatible implicit declaration of built-in function 'printf'
../src/main.c:49:2: note: include '<stdio.h>' or provide a declaration of 'printf'
../src/main.c:9:1:
+#include <stdio.h>
 
../src/main.c:49:2:
  printf("PWM Duty: %d, PWM Period: %d",PWM_Get_Period(XPAR_PWM_0_PWM_AXI_BASEADDR),PWM_Get_Duty(XPAR_PWM_0_PWM_AXI_BASEADDR,0));
  ^~~~~~
../src/main.c:49:21: warning: format '%d' expects argument of type 'int', but argument 2 has type 'u32' {aka 'long unsigned int'} [-Wformat=]
  printf("PWM Duty: %d, PWM Period: %d",PWM_Get_Period(XPAR_PWM_0_PWM_AXI_BASEADDR),PWM_Get_Duty(XPAR_PWM_0_PWM_AXI_BASEADDR,0));
                    ~^                  ~~~~~~~~~~~~~~~~~~~~~~~~~~~~~~~~~~~~~~~~~~~
                    %ld
../src/main.c:49:37: warning: format '%d' expects argument of type 'int', but argument 3 has type 'u32' {aka 'long unsigned int'} [-Wformat=]
  printf("PWM Duty: %d, PWM Period: %d",PWM_Get_Period(XPAR_PWM_0_PWM_AXI_BASEADDR),PWM_Get_Duty(XPAR_PWM_0_PWM_AXI_BASEADDR,0));
                                    ~^                                              ~~~~~~~~~~~~~~~~~~~~~~~~~~~~~~~~~~~~~~~~~~~
                                    %ld
make: *** [src/subdir.mk:29: src/main.o] Error 1
00:01:54 **** Auto Build of configuration Debug for project SYSTEM ****
make pre-build main-build 
a9-linaro-pre-build-step
' '
'Building file: ../src/main.c'
'Invoking: ARM v7 gcc compiler'
arm-none-eabi-gcc -Wall -O0 -g3 -c -fmessage-length=0 -MT"src/main.o" -mcpu=cortex-a9 -mfpu=vfpv3 -mfloat-abi=hard -I../../standalone_bsp_0/ps7_cortexa9_0/include -MMD -MP -MF"src/main.d" -MT"src/main.o" -o "src/main.o" "../src/main.c"
../src/main.c: In function 'main':
../src/main.c:33:2: warning: implicit declaration of function 'PWM_Config' [-Wimplicit-function-declaration]
  PWM_Config(25000000,25000000/4); //125Mhz/25000000 = .20s
  ^~~~~~~~~~
../src/main.c: At top level:
../src/main.c:38:6: warning: conflicting types for 'PWM_Config'
 void PWM_Config(u32 period, u32 duty,u32 ){
      ^~~~~~~~~~
../src/main.c:33:2: note: previous implicit declaration of 'PWM_Config' was here
  PWM_Config(25000000,25000000/4); //125Mhz/25000000 = .20s
  ^~~~~~~~~~
../src/main.c: In function 'PWM_Config':
../src/main.c:38:38: error: parameter name omitted
 void PWM_Config(u32 period, u32 duty,u32 ){
                                      ^~~
../src/main.c: In function 'PWM_Read':
../src/main.c:46:2: warning: implicit declaration of function 'printf' [-Wimplicit-function-declaration]
  printf("PWM Duty: %d, PWM Period: %d",PWM_Get_Period(XPAR_PWM_0_PWM_AXI_BASEADDR),PWM_Get_Duty(XPAR_PWM_0_PWM_AXI_BASEADDR,0));
  ^~~~~~
../src/main.c:46:2: warning: incompatible implicit declaration of built-in function 'printf'
../src/main.c:46:2: note: include '<stdio.h>' or provide a declaration of 'printf'
../src/main.c:9:1:
+#include <stdio.h>
 
../src/main.c:46:2:
  printf("PWM Duty: %d, PWM Period: %d",PWM_Get_Period(XPAR_PWM_0_PWM_AXI_BASEADDR),PWM_Get_Duty(XPAR_PWM_0_PWM_AXI_BASEADDR,0));
  ^~~~~~
../src/main.c:46:21: warning: format '%d' expects argument of type 'int', but argument 2 has type 'u32' {aka 'long unsigned int'} [-Wformat=]
  printf("PWM Duty: %d, PWM Period: %d",PWM_Get_Period(XPAR_PWM_0_PWM_AXI_BASEADDR),PWM_Get_Duty(XPAR_PWM_0_PWM_AXI_BASEADDR,0));
                    ~^                  ~~~~~~~~~~~~~~~~~~~~~~~~~~~~~~~~~~~~~~~~~~~
                    %ld
../src/main.c:46:37: warning: format '%d' expects argument of type 'int', but argument 3 has type 'u32' {aka 'long unsigned int'} [-Wformat=]
  printf("PWM Duty: %d, PWM Period: %d",PWM_Get_Period(XPAR_PWM_0_PWM_AXI_BASEADDR),PWM_Get_Duty(XPAR_PWM_0_PWM_AXI_BASEADDR,0));
                                    ~^                                              ~~~~~~~~~~~~~~~~~~~~~~~~~~~~~~~~~~~~~~~~~~~
                                    %ld
make: *** [src/subdir.mk:29: src/main.o] Error 1
00:02:16 **** Auto Build of configuration Debug for project SYSTEM ****
make pre-build main-build 
a9-linaro-pre-build-step
' '
'Building file: ../src/main.c'
'Invoking: ARM v7 gcc compiler'
arm-none-eabi-gcc -Wall -O0 -g3 -c -fmessage-length=0 -MT"src/main.o" -mcpu=cortex-a9 -mfpu=vfpv3 -mfloat-abi=hard -I../../standalone_bsp_0/ps7_cortexa9_0/include -MMD -MP -MF"src/main.d" -MT"src/main.o" -o "src/main.o" "../src/main.c"
../src/main.c: In function 'main':
../src/main.c:33:2: warning: implicit declaration of function 'PWM_Config' [-Wimplicit-function-declaration]
  PWM_Config(25000000,25000000/4,0); //125Mhz/25000000 = .20s
  ^~~~~~~~~~
../src/main.c: At top level:
../src/main.c:38:6: warning: conflicting types for 'PWM_Config'
 void PWM_Config(u32 period, u32 duty,u32 pwmIndex){
      ^~~~~~~~~~
../src/main.c:33:2: note: previous implicit declaration of 'PWM_Config' was here
  PWM_Config(25000000,25000000/4,0); //125Mhz/25000000 = .20s
  ^~~~~~~~~~
../src/main.c: In function 'PWM_Read':
../src/main.c:46:2: warning: implicit declaration of function 'printf' [-Wimplicit-function-declaration]
  printf("PWM Duty: %d, PWM Period: %d",PWM_Get_Period(XPAR_PWM_0_PWM_AXI_BASEADDR),PWM_Get_Duty(XPAR_PWM_0_PWM_AXI_BASEADDR,0));
  ^~~~~~
../src/main.c:46:2: warning: incompatible implicit declaration of built-in function 'printf'
../src/main.c:46:2: note: include '<stdio.h>' or provide a declaration of 'printf'
../src/main.c:9:1:
+#include <stdio.h>
 
../src/main.c:46:2:
  printf("PWM Duty: %d, PWM Period: %d",PWM_Get_Period(XPAR_PWM_0_PWM_AXI_BASEADDR),PWM_Get_Duty(XPAR_PWM_0_PWM_AXI_BASEADDR,0));
  ^~~~~~
../src/main.c:46:21: warning: format '%d' expects argument of type 'int', but argument 2 has type 'u32' {aka 'long unsigned int'} [-Wformat=]
  printf("PWM Duty: %d, PWM Period: %d",PWM_Get_Period(XPAR_PWM_0_PWM_AXI_BASEADDR),PWM_Get_Duty(XPAR_PWM_0_PWM_AXI_BASEADDR,0));
                    ~^                  ~~~~~~~~~~~~~~~~~~~~~~~~~~~~~~~~~~~~~~~~~~~
                    %ld
../src/main.c:46:37: warning: format '%d' expects argument of type 'int', but argument 3 has type 'u32' {aka 'long unsigned int'} [-Wformat=]
  printf("PWM Duty: %d, PWM Period: %d",PWM_Get_Period(XPAR_PWM_0_PWM_AXI_BASEADDR),PWM_Get_Duty(XPAR_PWM_0_PWM_AXI_BASEADDR,0));
                                    ~^                                              ~~~~~~~~~~~~~~~~~~~~~~~~~~~~~~~~~~~~~~~~~~~
                                    %ld
'Finished building: ../src/main.c'
' '
'Building target: SYSTEM.elf'
'Invoking: ARM v7 gcc linker'
arm-none-eabi-gcc -mcpu=cortex-a9 -mfpu=vfpv3 -mfloat-abi=hard -Wl,-build-id=none -specs=Xilinx.spec -Wl,-T -Wl,../src/lscript.ld -L../../standalone_bsp_0/ps7_cortexa9_0/lib -o "SYSTEM.elf"  ./src/helloworld.o ./src/main.o ./src/platform.o   -Wl,--start-group,-lxil,-lgcc,-lc,--end-group
c:/xilinx/sdk/2019.1/gnu/aarch32/nt/gcc-arm-none-eabi/bin/../lib/gcc/arm-none-eabi/8.2.0/../../../../arm-none-eabi/bin/ld.exe: ./src/main.o: in function `main':
C:\Users\sixpe\Documents\college\EE316P5\EE316P5\EE316P5.sdk\SYSTEM\Debug/../src/main.c:31: multiple definition of `main'; ./src/helloworld.o:C:\Users\sixpe\Documents\college\EE316P5\EE316P5\EE316P5.sdk\SYSTEM\Debug/../src/helloworld.c:54: first defined here
collect2.exe: error: ld returned 1 exit status
make: *** [makefile:41: SYSTEM.elf] Error 1
00:02:23 **** Auto Build of configuration Debug for project SYSTEM ****
make pre-build main-build 
a9-linaro-pre-build-step
' '
'Building file: ../src/main.c'
'Invoking: ARM v7 gcc compiler'
arm-none-eabi-gcc -Wall -O0 -g3 -c -fmessage-length=0 -MT"src/main.o" -mcpu=cortex-a9 -mfpu=vfpv3 -mfloat-abi=hard -I../../standalone_bsp_0/ps7_cortexa9_0/include -MMD -MP -MF"src/main.d" -MT"src/main.o" -o "src/main.o" "../src/main.c"
../src/main.c: In function 'main':
../src/main.c:33:2: warning: implicit declaration of function 'PWM_Config' [-Wimplicit-function-declaration]
  PWM_Config(25000000,25000000/4,0); //125Mhz/25000000 = .20s
  ^~~~~~~~~~
../src/main.c: At top level:
../src/main.c:38:6: warning: conflicting types for 'PWM_Config'
 void PWM_Config(u32 period, u32 duty,u32 pwmIndex){
      ^~~~~~~~~~
../src/main.c:33:2: note: previous implicit declaration of 'PWM_Config' was here
  PWM_Config(25000000,25000000/4,0); //125Mhz/25000000 = .20s
  ^~~~~~~~~~
../src/main.c: In function 'PWM_Read':
../src/main.c:46:2: warning: implicit declaration of function 'printf' [-Wimplicit-function-declaration]
  printf("PWM Duty: %d, PWM Period: %d",PWM_Get_Period(XPAR_PWM_0_PWM_AXI_BASEADDR),PWM_Get_Duty(XPAR_PWM_0_PWM_AXI_BASEADDR,0));
  ^~~~~~
../src/main.c:46:2: warning: incompatible implicit declaration of built-in function 'printf'
../src/main.c:46:2: note: include '<stdio.h>' or provide a declaration of 'printf'
../src/main.c:9:1:
+#include <stdio.h>
 
../src/main.c:46:2:
  printf("PWM Duty: %d, PWM Period: %d",PWM_Get_Period(XPAR_PWM_0_PWM_AXI_BASEADDR),PWM_Get_Duty(XPAR_PWM_0_PWM_AXI_BASEADDR,0));
  ^~~~~~
../src/main.c:46:21: warning: format '%d' expects argument of type 'int', but argument 2 has type 'u32' {aka 'long unsigned int'} [-Wformat=]
  printf("PWM Duty: %d, PWM Period: %d",PWM_Get_Period(XPAR_PWM_0_PWM_AXI_BASEADDR),PWM_Get_Duty(XPAR_PWM_0_PWM_AXI_BASEADDR,0));
                    ~^                  ~~~~~~~~~~~~~~~~~~~~~~~~~~~~~~~~~~~~~~~~~~~
                    %ld
../src/main.c:46:37: warning: format '%d' expects argument of type 'int', but argument 3 has type 'u32' {aka 'long unsigned int'} [-Wformat=]
  printf("PWM Duty: %d, PWM Period: %d",PWM_Get_Period(XPAR_PWM_0_PWM_AXI_BASEADDR),PWM_Get_Duty(XPAR_PWM_0_PWM_AXI_BASEADDR,0));
                                    ~^                                              ~~~~~~~~~~~~~~~~~~~~~~~~~~~~~~~~~~~~~~~~~~~
                                    %ld
'Finished building: ../src/main.c'
' '
'Building target: SYSTEM.elf'
'Invoking: ARM v7 gcc linker'
arm-none-eabi-gcc -mcpu=cortex-a9 -mfpu=vfpv3 -mfloat-abi=hard -Wl,-build-id=none -specs=Xilinx.spec -Wl,-T -Wl,../src/lscript.ld -L../../standalone_bsp_0/ps7_cortexa9_0/lib -o "SYSTEM.elf"  ./src/helloworld.o ./src/main.o ./src/platform.o   -Wl,--start-group,-lxil,-lgcc,-lc,--end-group
c:/xilinx/sdk/2019.1/gnu/aarch32/nt/gcc-arm-none-eabi/bin/../lib/gcc/arm-none-eabi/8.2.0/../../../../arm-none-eabi/bin/ld.exe: ./src/main.o: in function `main':
C:\Users\sixpe\Documents\college\EE316P5\EE316P5\EE316P5.sdk\SYSTEM\Debug/../src/main.c:31: multiple definition of `main'; ./src/helloworld.o:C:\Users\sixpe\Documents\college\EE316P5\EE316P5\EE316P5.sdk\SYSTEM\Debug/../src/helloworld.c:54: first defined here
collect2.exe: error: ld returned 1 exit status
make: *** [makefile:41: SYSTEM.elf] Error 1
00:02:36 **** Auto Build of configuration Debug for project SYSTEM ****
make pre-build main-build 
a9-linaro-pre-build-step
' '
'Building file: ../src/main.c'
'Invoking: ARM v7 gcc compiler'
arm-none-eabi-gcc -Wall -O0 -g3 -c -fmessage-length=0 -MT"src/main.o" -mcpu=cortex-a9 -mfpu=vfpv3 -mfloat-abi=hard -I../../standalone_bsp_0/ps7_cortexa9_0/include -MMD -MP -MF"src/main.d" -MT"src/main.o" -o "src/main.o" "../src/main.c"
../src/main.c: In function 'main':
../src/main.c:33:2: warning: implicit declaration of function 'PWM_Config' [-Wimplicit-function-declaration]
  PWM_Config(25000000,25000000/4,0); //125Mhz/25000000 = .20s
  ^~~~~~~~~~
../src/main.c: At top level:
../src/main.c:38:6: warning: conflicting types for 'PWM_Config'
 void PWM_Config(int period, int duty,int pwmIndex){
      ^~~~~~~~~~
../src/main.c:33:2: note: previous implicit declaration of 'PWM_Config' was here
  PWM_Config(25000000,25000000/4,0); //125Mhz/25000000 = .20s
  ^~~~~~~~~~
../src/main.c: In function 'PWM_Read':
../src/main.c:46:2: warning: implicit declaration of function 'printf' [-Wimplicit-function-declaration]
  printf("PWM Duty: %d, PWM Period: %d",PWM_Get_Period(XPAR_PWM_0_PWM_AXI_BASEADDR),PWM_Get_Duty(XPAR_PWM_0_PWM_AXI_BASEADDR,0));
  ^~~~~~
../src/main.c:46:2: warning: incompatible implicit declaration of built-in function 'printf'
../src/main.c:46:2: note: include '<stdio.h>' or provide a declaration of 'printf'
../src/main.c:9:1:
+#include <stdio.h>
 
../src/main.c:46:2:
  printf("PWM Duty: %d, PWM Period: %d",PWM_Get_Period(XPAR_PWM_0_PWM_AXI_BASEADDR),PWM_Get_Duty(XPAR_PWM_0_PWM_AXI_BASEADDR,0));
  ^~~~~~
../src/main.c:46:21: warning: format '%d' expects argument of type 'int', but argument 2 has type 'u32' {aka 'long unsigned int'} [-Wformat=]
  printf("PWM Duty: %d, PWM Period: %d",PWM_Get_Period(XPAR_PWM_0_PWM_AXI_BASEADDR),PWM_Get_Duty(XPAR_PWM_0_PWM_AXI_BASEADDR,0));
                    ~^                  ~~~~~~~~~~~~~~~~~~~~~~~~~~~~~~~~~~~~~~~~~~~
                    %ld
../src/main.c:46:37: warning: format '%d' expects argument of type 'int', but argument 3 has type 'u32' {aka 'long unsigned int'} [-Wformat=]
  printf("PWM Duty: %d, PWM Period: %d",PWM_Get_Period(XPAR_PWM_0_PWM_AXI_BASEADDR),PWM_Get_Duty(XPAR_PWM_0_PWM_AXI_BASEADDR,0));
                                    ~^                                              ~~~~~~~~~~~~~~~~~~~~~~~~~~~~~~~~~~~~~~~~~~~
                                    %ld
'Finished building: ../src/main.c'
' '
'Building target: SYSTEM.elf'
'Invoking: ARM v7 gcc linker'
arm-none-eabi-gcc -mcpu=cortex-a9 -mfpu=vfpv3 -mfloat-abi=hard -Wl,-build-id=none -specs=Xilinx.spec -Wl,-T -Wl,../src/lscript.ld -L../../standalone_bsp_0/ps7_cortexa9_0/lib -o "SYSTEM.elf"  ./src/helloworld.o ./src/main.o ./src/platform.o   -Wl,--start-group,-lxil,-lgcc,-lc,--end-group
c:/xilinx/sdk/2019.1/gnu/aarch32/nt/gcc-arm-none-eabi/bin/../lib/gcc/arm-none-eabi/8.2.0/../../../../arm-none-eabi/bin/ld.exe: ./src/main.o: in function `main':
C:\Users\sixpe\Documents\college\EE316P5\EE316P5\EE316P5.sdk\SYSTEM\Debug/../src/main.c:31: multiple definition of `main'; ./src/helloworld.o:C:\Users\sixpe\Documents\college\EE316P5\EE316P5\EE316P5.sdk\SYSTEM\Debug/../src/helloworld.c:54: first defined here
collect2.exe: error: ld returned 1 exit status
make: *** [makefile:41: SYSTEM.elf] Error 1
00:03:00 **** Auto Build of configuration Debug for project SYSTEM ****
make pre-build main-build 
a9-linaro-pre-build-step
' '
'Building file: ../src/main.c'
'Invoking: ARM v7 gcc compiler'
arm-none-eabi-gcc -Wall -O0 -g3 -c -fmessage-length=0 -MT"src/main.o" -mcpu=cortex-a9 -mfpu=vfpv3 -mfloat-abi=hard -I../../standalone_bsp_0/ps7_cortexa9_0/include -MMD -MP -MF"src/main.d" -MT"src/main.o" -o "src/main.o" "../src/main.c"
../src/main.c: In function 'main':
../src/main.c:33:2: warning: implicit declaration of function 'PWM_Config' [-Wimplicit-function-declaration]
  PWM_Config(25000000,12500000,0); //125Mhz/25000000 = .20s
  ^~~~~~~~~~
../src/main.c: At top level:
../src/main.c:38:6: warning: conflicting types for 'PWM_Config'
 void PWM_Config(int period, int duty,int pwmIndex){
      ^~~~~~~~~~
../src/main.c:33:2: note: previous implicit declaration of 'PWM_Config' was here
  PWM_Config(25000000,12500000,0); //125Mhz/25000000 = .20s
  ^~~~~~~~~~
../src/main.c: In function 'PWM_Read':
../src/main.c:46:2: warning: implicit declaration of function 'printf' [-Wimplicit-function-declaration]
  printf("PWM Duty: %d, PWM Period: %d",PWM_Get_Period(XPAR_PWM_0_PWM_AXI_BASEADDR),PWM_Get_Duty(XPAR_PWM_0_PWM_AXI_BASEADDR,0));
  ^~~~~~
../src/main.c:46:2: warning: incompatible implicit declaration of built-in function 'printf'
../src/main.c:46:2: note: include '<stdio.h>' or provide a declaration of 'printf'
../src/main.c:9:1:
+#include <stdio.h>
 
../src/main.c:46:2:
  printf("PWM Duty: %d, PWM Period: %d",PWM_Get_Period(XPAR_PWM_0_PWM_AXI_BASEADDR),PWM_Get_Duty(XPAR_PWM_0_PWM_AXI_BASEADDR,0));
  ^~~~~~
../src/main.c:46:21: warning: format '%d' expects argument of type 'int', but argument 2 has type 'u32' {aka 'long unsigned int'} [-Wformat=]
  printf("PWM Duty: %d, PWM Period: %d",PWM_Get_Period(XPAR_PWM_0_PWM_AXI_BASEADDR),PWM_Get_Duty(XPAR_PWM_0_PWM_AXI_BASEADDR,0));
                    ~^                  ~~~~~~~~~~~~~~~~~~~~~~~~~~~~~~~~~~~~~~~~~~~
                    %ld
../src/main.c:46:37: warning: format '%d' expects argument of type 'int', but argument 3 has type 'u32' {aka 'long unsigned int'} [-Wformat=]
  printf("PWM Duty: %d, PWM Period: %d",PWM_Get_Period(XPAR_PWM_0_PWM_AXI_BASEADDR),PWM_Get_Duty(XPAR_PWM_0_PWM_AXI_BASEADDR,0));
                                    ~^                                              ~~~~~~~~~~~~~~~~~~~~~~~~~~~~~~~~~~~~~~~~~~~
                                    %ld
'Finished building: ../src/main.c'
' '
'Building target: SYSTEM.elf'
'Invoking: ARM v7 gcc linker'
arm-none-eabi-gcc -mcpu=cortex-a9 -mfpu=vfpv3 -mfloat-abi=hard -Wl,-build-id=none -specs=Xilinx.spec -Wl,-T -Wl,../src/lscript.ld -L../../standalone_bsp_0/ps7_cortexa9_0/lib -o "SYSTEM.elf"  ./src/helloworld.o ./src/main.o ./src/platform.o   -Wl,--start-group,-lxil,-lgcc,-lc,--end-group
c:/xilinx/sdk/2019.1/gnu/aarch32/nt/gcc-arm-none-eabi/bin/../lib/gcc/arm-none-eabi/8.2.0/../../../../arm-none-eabi/bin/ld.exe: ./src/main.o: in function `main':
C:\Users\sixpe\Documents\college\EE316P5\EE316P5\EE316P5.sdk\SYSTEM\Debug/../src/main.c:31: multiple definition of `main'; ./src/helloworld.o:C:\Users\sixpe\Documents\college\EE316P5\EE316P5\EE316P5.sdk\SYSTEM\Debug/../src/helloworld.c:54: first defined here
collect2.exe: error: ld returned 1 exit status
make: *** [makefile:41: SYSTEM.elf] Error 1
00:03:22 **** Auto Build of configuration Debug for project SYSTEM ****
make pre-build main-build 
a9-linaro-pre-build-step
' '
'Building file: ../src/main.c'
'Invoking: ARM v7 gcc compiler'
arm-none-eabi-gcc -Wall -O0 -g3 -c -fmessage-length=0 -MT"src/main.o" -mcpu=cortex-a9 -mfpu=vfpv3 -mfloat-abi=hard -I../../standalone_bsp_0/ps7_cortexa9_0/include -MMD -MP -MF"src/main.d" -MT"src/main.o" -o "src/main.o" "../src/main.c"
../src/main.c: In function 'main':
../src/main.c:33:2: warning: implicit declaration of function 'PWM_Config' [-Wimplicit-function-declaration]
  PWM_Config(25000000,12500000,0); //125Mhz/25000000 = .20s
  ^~~~~~~~~~
../src/main.c: At top level:
../src/main.c:38:6: warning: conflicting types for 'PWM_Config'
 void PWM_Config(int period, int duty,int pwmIndex){
      ^~~~~~~~~~
../src/main.c:33:2: note: previous implicit declaration of 'PWM_Config' was here
  PWM_Config(25000000,12500000,0); //125Mhz/25000000 = .20s
  ^~~~~~~~~~
../src/main.c: In function 'PWM_Read':
../src/main.c:46:2: warning: implicit declaration of function 'printf' [-Wimplicit-function-declaration]
  printf("PWM Duty: %d, PWM Period: %d",PWM_Get_Period(XPAR_PWM_0_PWM_AXI_BASEADDR),PWM_Get_Duty(XPAR_PWM_0_PWM_AXI_BASEADDR,0));
  ^~~~~~
../src/main.c:46:2: warning: incompatible implicit declaration of built-in function 'printf'
../src/main.c:46:2: note: include '<stdio.h>' or provide a declaration of 'printf'
../src/main.c:9:1:
+#include <stdio.h>
 
../src/main.c:46:2:
  printf("PWM Duty: %d, PWM Period: %d",PWM_Get_Period(XPAR_PWM_0_PWM_AXI_BASEADDR),PWM_Get_Duty(XPAR_PWM_0_PWM_AXI_BASEADDR,0));
  ^~~~~~
../src/main.c:46:21: warning: format '%d' expects argument of type 'int', but argument 2 has type 'u32' {aka 'long unsigned int'} [-Wformat=]
  printf("PWM Duty: %d, PWM Period: %d",PWM_Get_Period(XPAR_PWM_0_PWM_AXI_BASEADDR),PWM_Get_Duty(XPAR_PWM_0_PWM_AXI_BASEADDR,0));
                    ~^                  ~~~~~~~~~~~~~~~~~~~~~~~~~~~~~~~~~~~~~~~~~~~
                    %ld
../src/main.c:46:37: warning: format '%d' expects argument of type 'int', but argument 3 has type 'u32' {aka 'long unsigned int'} [-Wformat=]
  printf("PWM Duty: %d, PWM Period: %d",PWM_Get_Period(XPAR_PWM_0_PWM_AXI_BASEADDR),PWM_Get_Duty(XPAR_PWM_0_PWM_AXI_BASEADDR,0));
                                    ~^                                              ~~~~~~~~~~~~~~~~~~~~~~~~~~~~~~~~~~~~~~~~~~~
                                    %ld
'Finished building: ../src/main.c'
' '
'Building target: SYSTEM.elf'
'Invoking: ARM v7 gcc linker'
arm-none-eabi-gcc -mcpu=cortex-a9 -mfpu=vfpv3 -mfloat-abi=hard -Wl,-build-id=none -specs=Xilinx.spec -Wl,-T -Wl,../src/lscript.ld -L../../standalone_bsp_0/ps7_cortexa9_0/lib -o "SYSTEM.elf"  ./src/helloworld.o ./src/main.o ./src/platform.o   -Wl,--start-group,-lxil,-lgcc,-lc,--end-group
c:/xilinx/sdk/2019.1/gnu/aarch32/nt/gcc-arm-none-eabi/bin/../lib/gcc/arm-none-eabi/8.2.0/../../../../arm-none-eabi/bin/ld.exe: ./src/main.o: in function `main':
C:\Users\sixpe\Documents\college\EE316P5\EE316P5\EE316P5.sdk\SYSTEM\Debug/../src/main.c:31: multiple definition of `main'; ./src/helloworld.o:C:\Users\sixpe\Documents\college\EE316P5\EE316P5\EE316P5.sdk\SYSTEM\Debug/../src/helloworld.c:54: first defined here
collect2.exe: error: ld returned 1 exit status
make: *** [makefile:41: SYSTEM.elf] Error 1
00:04:28 **** Auto Build of configuration Debug for project SYSTEM ****
make pre-build main-build 
a9-linaro-pre-build-step
' '
'Building file: ../src/main.c'
'Invoking: ARM v7 gcc compiler'
arm-none-eabi-gcc -Wall -O0 -g3 -c -fmessage-length=0 -MT"src/main.o" -mcpu=cortex-a9 -mfpu=vfpv3 -mfloat-abi=hard -I../../standalone_bsp_0/ps7_cortexa9_0/include -MMD -MP -MF"src/main.d" -MT"src/main.o" -o "src/main.o" "../src/main.c"
../src/main.c: In function 'PWM_Read':
../src/main.c:47:2: warning: implicit declaration of function 'printf' [-Wimplicit-function-declaration]
  printf("PWM Duty: %d, PWM Period: %d",PWM_Get_Period(XPAR_PWM_0_PWM_AXI_BASEADDR),PWM_Get_Duty(XPAR_PWM_0_PWM_AXI_BASEADDR,0));
  ^~~~~~
../src/main.c:47:2: warning: incompatible implicit declaration of built-in function 'printf'
../src/main.c:47:2: note: include '<stdio.h>' or provide a declaration of 'printf'
../src/main.c:9:1:
+#include <stdio.h>
 
../src/main.c:47:2:
  printf("PWM Duty: %d, PWM Period: %d",PWM_Get_Period(XPAR_PWM_0_PWM_AXI_BASEADDR),PWM_Get_Duty(XPAR_PWM_0_PWM_AXI_BASEADDR,0));
  ^~~~~~
../src/main.c:47:21: warning: format '%d' expects argument of type 'int', but argument 2 has type 'u32' {aka 'long unsigned int'} [-Wformat=]
  printf("PWM Duty: %d, PWM Period: %d",PWM_Get_Period(XPAR_PWM_0_PWM_AXI_BASEADDR),PWM_Get_Duty(XPAR_PWM_0_PWM_AXI_BASEADDR,0));
                    ~^                  ~~~~~~~~~~~~~~~~~~~~~~~~~~~~~~~~~~~~~~~~~~~
                    %ld
../src/main.c:47:37: warning: format '%d' expects argument of type 'int', but argument 3 has type 'u32' {aka 'long unsigned int'} [-Wformat=]
  printf("PWM Duty: %d, PWM Period: %d",PWM_Get_Period(XPAR_PWM_0_PWM_AXI_BASEADDR),PWM_Get_Duty(XPAR_PWM_0_PWM_AXI_BASEADDR,0));
                                    ~^                                              ~~~~~~~~~~~~~~~~~~~~~~~~~~~~~~~~~~~~~~~~~~~
                                    %ld
'Finished building: ../src/main.c'
' '
'Building target: SYSTEM.elf'
'Invoking: ARM v7 gcc linker'
arm-none-eabi-gcc -mcpu=cortex-a9 -mfpu=vfpv3 -mfloat-abi=hard -Wl,-build-id=none -specs=Xilinx.spec -Wl,-T -Wl,../src/lscript.ld -L../../standalone_bsp_0/ps7_cortexa9_0/lib -o "SYSTEM.elf"  ./src/helloworld.o ./src/main.o ./src/platform.o   -Wl,--start-group,-lxil,-lgcc,-lc,--end-group
c:/xilinx/sdk/2019.1/gnu/aarch32/nt/gcc-arm-none-eabi/bin/../lib/gcc/arm-none-eabi/8.2.0/../../../../arm-none-eabi/bin/ld.exe: ./src/main.o: in function `main':
C:\Users\sixpe\Documents\college\EE316P5\EE316P5\EE316P5.sdk\SYSTEM\Debug/../src/main.c:32: multiple definition of `main'; ./src/helloworld.o:C:\Users\sixpe\Documents\college\EE316P5\EE316P5\EE316P5.sdk\SYSTEM\Debug/../src/helloworld.c:54: first defined here
collect2.exe: error: ld returned 1 exit status
make: *** [makefile:41: SYSTEM.elf] Error 1
00:04:51 **** Clean-only build of configuration Debug for project SYSTEM ****
make clean 
rm -rf  ./src/helloworld.o ./src/main.o ./src/platform.o  ./src/helloworld.d ./src/main.d ./src/platform.d  SYSTEM.elf.size  SYSTEM.elf
' '
00:04:51 **** Auto Build of configuration Debug for project SYSTEM ****
make pre-build main-build 
a9-linaro-pre-build-step
' '
'Building file: ../src/main.c'
'Invoking: ARM v7 gcc compiler'
arm-none-eabi-gcc -Wall -O0 -g3 -c -fmessage-length=0 -MT"src/main.o" -mcpu=cortex-a9 -mfpu=vfpv3 -mfloat-abi=hard -I../../standalone_bsp_0/ps7_cortexa9_0/include -MMD -MP -MF"src/main.d" -MT"src/main.o" -o "src/main.o" "../src/main.c"
../src/main.c: In function 'PWM_Read':
../src/main.c:47:2: warning: implicit declaration of function 'printf' [-Wimplicit-function-declaration]
  printf("PWM Duty: %d, PWM Period: %d",PWM_Get_Period(XPAR_PWM_0_PWM_AXI_BASEADDR),PWM_Get_Duty(XPAR_PWM_0_PWM_AXI_BASEADDR,0));
  ^~~~~~
../src/main.c:47:2: warning: incompatible implicit declaration of built-in function 'printf'
../src/main.c:47:2: note: include '<stdio.h>' or provide a declaration of 'printf'
../src/main.c:9:1:
+#include <stdio.h>
 
../src/main.c:47:2:
  printf("PWM Duty: %d, PWM Period: %d",PWM_Get_Period(XPAR_PWM_0_PWM_AXI_BASEADDR),PWM_Get_Duty(XPAR_PWM_0_PWM_AXI_BASEADDR,0));
  ^~~~~~
../src/main.c:47:21: warning: format '%d' expects argument of type 'int', but argument 2 has type 'u32' {aka 'long unsigned int'} [-Wformat=]
  printf("PWM Duty: %d, PWM Period: %d",PWM_Get_Period(XPAR_PWM_0_PWM_AXI_BASEADDR),PWM_Get_Duty(XPAR_PWM_0_PWM_AXI_BASEADDR,0));
                    ~^                  ~~~~~~~~~~~~~~~~~~~~~~~~~~~~~~~~~~~~~~~~~~~
                    %ld
../src/main.c:47:37: warning: format '%d' expects argument of type 'int', but argument 3 has type 'u32' {aka 'long unsigned int'} [-Wformat=]
  printf("PWM Duty: %d, PWM Period: %d",PWM_Get_Period(XPAR_PWM_0_PWM_AXI_BASEADDR),PWM_Get_Duty(XPAR_PWM_0_PWM_AXI_BASEADDR,0));
                                    ~^                                              ~~~~~~~~~~~~~~~~~~~~~~~~~~~~~~~~~~~~~~~~~~~
                                    %ld
'Finished building: ../src/main.c'
' '
'Building file: ../src/platform.c'
'Invoking: ARM v7 gcc compiler'
arm-none-eabi-gcc -Wall -O0 -g3 -c -fmessage-length=0 -MT"src/platform.o" -mcpu=cortex-a9 -mfpu=vfpv3 -mfloat-abi=hard -I../../standalone_bsp_0/ps7_cortexa9_0/include -MMD -MP -MF"src/platform.d" -MT"src/platform.o" -o "src/platform.o" "../src/platform.c"
'Finished building: ../src/platform.c'
' '
'Building target: SYSTEM.elf'
'Invoking: ARM v7 gcc linker'
arm-none-eabi-gcc -mcpu=cortex-a9 -mfpu=vfpv3 -mfloat-abi=hard -Wl,-build-id=none -specs=Xilinx.spec -Wl,-T -Wl,../src/lscript.ld -L../../standalone_bsp_0/ps7_cortexa9_0/lib -o "SYSTEM.elf"  ./src/main.o ./src/platform.o   -Wl,--start-group,-lxil,-lgcc,-lc,--end-group
'Finished building target: SYSTEM.elf'
' '
'Invoking: ARM v7 Print Size'
arm-none-eabi-size SYSTEM.elf  |tee "SYSTEM.elf.size"
   text	   data	    bss	    dec	    hex	filename
  60052	   2616	  23392	  86060	  1502c	SYSTEM.elf
'Finished building: SYSTEM.elf.size'
' '
00:08:24 **** Auto Build of configuration Debug for project SYSTEM ****
make pre-build main-build 
a9-linaro-pre-build-step
' '
'Building file: ../src/main.c'
'Invoking: ARM v7 gcc compiler'
arm-none-eabi-gcc -Wall -O0 -g3 -c -fmessage-length=0 -MT"src/main.o" -mcpu=cortex-a9 -mfpu=vfpv3 -mfloat-abi=hard -I../../standalone_bsp_0/ps7_cortexa9_0/include -MMD -MP -MF"src/main.d" -MT"src/main.o" -o "src/main.o" "../src/main.c"
../src/main.c: In function 'main':
../src/main.c:33:3: warning: implicit declaration of function 'PWM_Read'; did you mean 'PWM_H'? [-Wimplicit-function-declaration]
   PWM_Read();
   ^~~~~~~~
   PWM_H
../src/main.c: At top level:
../src/main.c:44:6: warning: conflicting types for 'PWM_Read'
 void PWM_Read(int pwmIndex){
      ^~~~~~~~
../src/main.c:33:3: note: previous implicit declaration of 'PWM_Read' was here
   PWM_Read();
   ^~~~~~~~
../src/main.c: In function 'PWM_Read':
../src/main.c:45:2: warning: implicit declaration of function 'printf' [-Wimplicit-function-declaration]
  printf("PWM Duty: %d, PWM Period: %d",PWM_Get_Period(XPAR_PWM_0_PWM_AXI_BASEADDR),PWM_Get_Duty(XPAR_PWM_0_PWM_AXI_BASEADDR,pwmIndex));
  ^~~~~~
../src/main.c:45:2: warning: incompatible implicit declaration of built-in function 'printf'
../src/main.c:45:2: note: include '<stdio.h>' or provide a declaration of 'printf'
../src/main.c:9:1:
+#include <stdio.h>
 
../src/main.c:45:2:
  printf("PWM Duty: %d, PWM Period: %d",PWM_Get_Period(XPAR_PWM_0_PWM_AXI_BASEADDR),PWM_Get_Duty(XPAR_PWM_0_PWM_AXI_BASEADDR,pwmIndex));
  ^~~~~~
../src/main.c:45:21: warning: format '%d' expects argument of type 'int', but argument 2 has type 'u32' {aka 'long unsigned int'} [-Wformat=]
  printf("PWM Duty: %d, PWM Period: %d",PWM_Get_Period(XPAR_PWM_0_PWM_AXI_BASEADDR),PWM_Get_Duty(XPAR_PWM_0_PWM_AXI_BASEADDR,pwmIndex));
                    ~^                  ~~~~~~~~~~~~~~~~~~~~~~~~~~~~~~~~~~~~~~~~~~~
                    %ld
../src/main.c:45:37: warning: format '%d' expects argument of type 'int', but argument 3 has type 'u32' {aka 'long unsigned int'} [-Wformat=]
  printf("PWM Duty: %d, PWM Period: %d",PWM_Get_Period(XPAR_PWM_0_PWM_AXI_BASEADDR),PWM_Get_Duty(XPAR_PWM_0_PWM_AXI_BASEADDR,pwmIndex));
                                    ~^                                              ~~~~~~~~~~~~~~~~~~~~~~~~~~~~~~~~~~~~~~~~~~~~~~~~~~
                                    %ld
../src/main.c: In function 'StartPWM':
../src/main.c:76:54: error: 'Duty_Cycle' undeclared (first use in this function)
  XTmrCtr_PwmConfigure(&TimerCounterInst, PWM_PERIOD, Duty_Cycle);
                                                      ^~~~~~~~~~
../src/main.c:76:54: note: each undeclared identifier is reported only once for each function it appears in
make: *** [src/subdir.mk:26: src/main.o] Error 1
00:24:10 **** Auto Build of configuration Debug for project SYSTEM ****
make pre-build main-build 
a9-linaro-pre-build-step
' '
'Building file: ../src/main.c'
'Invoking: ARM v7 gcc compiler'
arm-none-eabi-gcc -Wall -O0 -g3 -c -fmessage-length=0 -MT"src/main.o" -mcpu=cortex-a9 -mfpu=vfpv3 -mfloat-abi=hard -I../../standalone_bsp_0/ps7_cortexa9_0/include -MMD -MP -MF"src/main.d" -MT"src/main.o" -o "src/main.o" "../src/main.c"
../src/main.c: In function 'main':
../src/main.c:35:3: error: too few arguments to function 'PWM_Read'
   PWM_Read();
   ^~~~~~~~
../src/main.c:22:6: note: declared here
 void PWM_Read(int pwmIndex);
      ^~~~~~~~
../src/main.c: In function 'PWM_Read':
../src/main.c:47:2: warning: implicit declaration of function 'printf' [-Wimplicit-function-declaration]
  printf("PWM Duty: %d, PWM Period: %d",PWM_Get_Period(XPAR_PWM_0_PWM_AXI_BASEADDR),PWM_Get_Duty(XPAR_PWM_0_PWM_AXI_BASEADDR,pwmIndex));
  ^~~~~~
../src/main.c:47:2: warning: incompatible implicit declaration of built-in function 'printf'
../src/main.c:47:2: note: include '<stdio.h>' or provide a declaration of 'printf'
../src/main.c:9:1:
+#include <stdio.h>
 
../src/main.c:47:2:
  printf("PWM Duty: %d, PWM Period: %d",PWM_Get_Period(XPAR_PWM_0_PWM_AXI_BASEADDR),PWM_Get_Duty(XPAR_PWM_0_PWM_AXI_BASEADDR,pwmIndex));
  ^~~~~~
../src/main.c:47:21: warning: format '%d' expects argument of type 'int', but argument 2 has type 'u32' {aka 'long unsigned int'} [-Wformat=]
  printf("PWM Duty: %d, PWM Period: %d",PWM_Get_Period(XPAR_PWM_0_PWM_AXI_BASEADDR),PWM_Get_Duty(XPAR_PWM_0_PWM_AXI_BASEADDR,pwmIndex));
                    ~^                  ~~~~~~~~~~~~~~~~~~~~~~~~~~~~~~~~~~~~~~~~~~~
                    %ld
../src/main.c:47:37: warning: format '%d' expects argument of type 'int', but argument 3 has type 'u32' {aka 'long unsigned int'} [-Wformat=]
  printf("PWM Duty: %d, PWM Period: %d",PWM_Get_Period(XPAR_PWM_0_PWM_AXI_BASEADDR),PWM_Get_Duty(XPAR_PWM_0_PWM_AXI_BASEADDR,pwmIndex));
                                    ~^                                              ~~~~~~~~~~~~~~~~~~~~~~~~~~~~~~~~~~~~~~~~~~~~~~~~~~
                                    %ld
../src/main.c: In function 'StartPWM':
../src/main.c:78:54: error: 'Duty_Cycle' undeclared (first use in this function)
  XTmrCtr_PwmConfigure(&TimerCounterInst, PWM_PERIOD, Duty_Cycle);
                                                      ^~~~~~~~~~
../src/main.c:78:54: note: each undeclared identifier is reported only once for each function it appears in
make: *** [src/subdir.mk:26: src/main.o] Error 1
00:24:43 **** Auto Build of configuration Debug for project SYSTEM ****
make pre-build main-build 
a9-linaro-pre-build-step
' '
'Building file: ../src/main.c'
'Invoking: ARM v7 gcc compiler'
arm-none-eabi-gcc -Wall -O0 -g3 -c -fmessage-length=0 -MT"src/main.o" -mcpu=cortex-a9 -mfpu=vfpv3 -mfloat-abi=hard -I../../standalone_bsp_0/ps7_cortexa9_0/include -MMD -MP -MF"src/main.d" -MT"src/main.o" -o "src/main.o" "../src/main.c"
../src/main.c: In function 'PWM_Read':
../src/main.c:47:2: warning: implicit declaration of function 'printf' [-Wimplicit-function-declaration]
  printf("PWM Duty: %d, PWM Period: %d",PWM_Get_Period(XPAR_PWM_0_PWM_AXI_BASEADDR),PWM_Get_Duty(XPAR_PWM_0_PWM_AXI_BASEADDR,pwmIndex));
  ^~~~~~
../src/main.c:47:2: warning: incompatible implicit declaration of built-in function 'printf'
../src/main.c:47:2: note: include '<stdio.h>' or provide a declaration of 'printf'
../src/main.c:9:1:
+#include <stdio.h>
 
../src/main.c:47:2:
  printf("PWM Duty: %d, PWM Period: %d",PWM_Get_Period(XPAR_PWM_0_PWM_AXI_BASEADDR),PWM_Get_Duty(XPAR_PWM_0_PWM_AXI_BASEADDR,pwmIndex));
  ^~~~~~
../src/main.c:47:21: warning: format '%d' expects argument of type 'int', but argument 2 has type 'u32' {aka 'long unsigned int'} [-Wformat=]
  printf("PWM Duty: %d, PWM Period: %d",PWM_Get_Period(XPAR_PWM_0_PWM_AXI_BASEADDR),PWM_Get_Duty(XPAR_PWM_0_PWM_AXI_BASEADDR,pwmIndex));
                    ~^                  ~~~~~~~~~~~~~~~~~~~~~~~~~~~~~~~~~~~~~~~~~~~
                    %ld
../src/main.c:47:37: warning: format '%d' expects argument of type 'int', but argument 3 has type 'u32' {aka 'long unsigned int'} [-Wformat=]
  printf("PWM Duty: %d, PWM Period: %d",PWM_Get_Period(XPAR_PWM_0_PWM_AXI_BASEADDR),PWM_Get_Duty(XPAR_PWM_0_PWM_AXI_BASEADDR,pwmIndex));
                                    ~^                                              ~~~~~~~~~~~~~~~~~~~~~~~~~~~~~~~~~~~~~~~~~~~~~~~~~~
                                    %ld
../src/main.c: In function 'StartPWM':
../src/main.c:78:54: error: 'Duty_Cycle' undeclared (first use in this function)
  XTmrCtr_PwmConfigure(&TimerCounterInst, PWM_PERIOD, Duty_Cycle);
                                                      ^~~~~~~~~~
../src/main.c:78:54: note: each undeclared identifier is reported only once for each function it appears in
make: *** [src/subdir.mk:26: src/main.o] Error 1
00:31:49 **** Auto Build of configuration Debug for project SYSTEM ****
make pre-build main-build 
a9-linaro-pre-build-step
' '
'Building file: ../src/main.c'
'Invoking: ARM v7 gcc compiler'
arm-none-eabi-gcc -Wall -O0 -g3 -c -fmessage-length=0 -MT"src/main.o" -mcpu=cortex-a9 -mfpu=vfpv3 -mfloat-abi=hard -I../../standalone_bsp_0/ps7_cortexa9_0/include -MMD -MP -MF"src/main.d" -MT"src/main.o" -o "src/main.o" "../src/main.c"
../src/main.c: In function 'main':
../src/main.c:33:2: warning: implicit declaration of function 'timerPWM_Init' [-Wimplicit-function-declaration]
  timerPWM_Init(&TimerCounterInst);
  ^~~~~~~~~~~~~
../src/main.c: In function 'PWM_Read':
../src/main.c:48:2: warning: implicit declaration of function 'printf' [-Wimplicit-function-declaration]
  printf("PWM Duty: %d, PWM Period: %d",PWM_Get_Period(XPAR_PWM_0_PWM_AXI_BASEADDR),PWM_Get_Duty(XPAR_PWM_0_PWM_AXI_BASEADDR,pwmIndex));
  ^~~~~~
../src/main.c:48:2: warning: incompatible implicit declaration of built-in function 'printf'
../src/main.c:48:2: note: include '<stdio.h>' or provide a declaration of 'printf'
../src/main.c:9:1:
+#include <stdio.h>
 
../src/main.c:48:2:
  printf("PWM Duty: %d, PWM Period: %d",PWM_Get_Period(XPAR_PWM_0_PWM_AXI_BASEADDR),PWM_Get_Duty(XPAR_PWM_0_PWM_AXI_BASEADDR,pwmIndex));
  ^~~~~~
../src/main.c:48:21: warning: format '%d' expects argument of type 'int', but argument 2 has type 'u32' {aka 'long unsigned int'} [-Wformat=]
  printf("PWM Duty: %d, PWM Period: %d",PWM_Get_Period(XPAR_PWM_0_PWM_AXI_BASEADDR),PWM_Get_Duty(XPAR_PWM_0_PWM_AXI_BASEADDR,pwmIndex));
                    ~^                  ~~~~~~~~~~~~~~~~~~~~~~~~~~~~~~~~~~~~~~~~~~~
                    %ld
../src/main.c:48:37: warning: format '%d' expects argument of type 'int', but argument 3 has type 'u32' {aka 'long unsigned int'} [-Wformat=]
  printf("PWM Duty: %d, PWM Period: %d",PWM_Get_Period(XPAR_PWM_0_PWM_AXI_BASEADDR),PWM_Get_Duty(XPAR_PWM_0_PWM_AXI_BASEADDR,pwmIndex));
                                    ~^                                              ~~~~~~~~~~~~~~~~~~~~~~~~~~~~~~~~~~~~~~~~~~~~~~~~~~
                                    %ld
../src/main.c: At top level:
../src/main.c:60:6: warning: conflicting types for 'timerPWM_Init'
 void timerPWM_Init(XTmrCtr *InstancePtr){
      ^~~~~~~~~~~~~
../src/main.c:33:2: note: previous implicit declaration of 'timerPWM_Init' was here
  timerPWM_Init(&TimerCounterInst);
  ^~~~~~~~~~~~~
../src/main.c: In function 'timerPWM_Init':
../src/main.c:64:3: warning: incompatible implicit declaration of built-in function 'printf'
   printf("PWM INIT FAIL");
   ^~~~~~
../src/main.c:64:3: note: include '<stdio.h>' or provide a declaration of 'printf'
../src/main.c: In function 'StartPWM':
../src/main.c:82:54: error: 'Duty_Cycle' undeclared (first use in this function)
  XTmrCtr_PwmConfigure(&TimerCounterInst, PWM_PERIOD, Duty_Cycle);
                                                      ^~~~~~~~~~
../src/main.c:82:54: note: each undeclared identifier is reported only once for each function it appears in
make: *** [src/subdir.mk:26: src/main.o] Error 1
00:34:37 **** Auto Build of configuration Debug for project SYSTEM ****
make pre-build main-build 
a9-linaro-pre-build-step
' '
'Building file: ../src/main.c'
'Invoking: ARM v7 gcc compiler'
arm-none-eabi-gcc -Wall -O0 -g3 -c -fmessage-length=0 -MT"src/main.o" -mcpu=cortex-a9 -mfpu=vfpv3 -mfloat-abi=hard -I../../standalone_bsp_0/ps7_cortexa9_0/include -MMD -MP -MF"src/main.d" -MT"src/main.o" -o "src/main.o" "../src/main.c"
../src/main.c: In function 'PWM_Read':
../src/main.c:51:2: warning: implicit declaration of function 'printf' [-Wimplicit-function-declaration]
  printf("PWM Duty: %d, PWM Period: %d",PWM_Get_Period(XPAR_PWM_0_PWM_AXI_BASEADDR),PWM_Get_Duty(XPAR_PWM_0_PWM_AXI_BASEADDR,pwmIndex));
  ^~~~~~
../src/main.c:51:2: warning: incompatible implicit declaration of built-in function 'printf'
../src/main.c:51:2: note: include '<stdio.h>' or provide a declaration of 'printf'
../src/main.c:9:1:
+#include <stdio.h>
 
../src/main.c:51:2:
  printf("PWM Duty: %d, PWM Period: %d",PWM_Get_Period(XPAR_PWM_0_PWM_AXI_BASEADDR),PWM_Get_Duty(XPAR_PWM_0_PWM_AXI_BASEADDR,pwmIndex));
  ^~~~~~
../src/main.c:51:21: warning: format '%d' expects argument of type 'int', but argument 2 has type 'u32' {aka 'long unsigned int'} [-Wformat=]
  printf("PWM Duty: %d, PWM Period: %d",PWM_Get_Period(XPAR_PWM_0_PWM_AXI_BASEADDR),PWM_Get_Duty(XPAR_PWM_0_PWM_AXI_BASEADDR,pwmIndex));
                    ~^                  ~~~~~~~~~~~~~~~~~~~~~~~~~~~~~~~~~~~~~~~~~~~
                    %ld
../src/main.c:51:37: warning: format '%d' expects argument of type 'int', but argument 3 has type 'u32' {aka 'long unsigned int'} [-Wformat=]
  printf("PWM Duty: %d, PWM Period: %d",PWM_Get_Period(XPAR_PWM_0_PWM_AXI_BASEADDR),PWM_Get_Duty(XPAR_PWM_0_PWM_AXI_BASEADDR,pwmIndex));
                                    ~^                                              ~~~~~~~~~~~~~~~~~~~~~~~~~~~~~~~~~~~~~~~~~~~~~~~~~~
                                    %ld
../src/main.c: In function 'timerPWM_Init':
../src/main.c:67:3: warning: incompatible implicit declaration of built-in function 'printf'
   printf("PWM INIT FAIL");
   ^~~~~~
../src/main.c:67:3: note: include '<stdio.h>' or provide a declaration of 'printf'
../src/main.c: In function 'StartPWM':
../src/main.c:85:54: error: 'Duty_Cycle' undeclared (first use in this function)
  XTmrCtr_PwmConfigure(&TimerCounterInst, PWM_PERIOD, Duty_Cycle);
                                                      ^~~~~~~~~~
../src/main.c:85:54: note: each undeclared identifier is reported only once for each function it appears in
make: *** [src/subdir.mk:26: src/main.o] Error 1
00:35:31 **** Auto Build of configuration Debug for project SYSTEM ****
make pre-build main-build 
a9-linaro-pre-build-step
' '
'Building file: ../src/main.c'
'Invoking: ARM v7 gcc compiler'
arm-none-eabi-gcc -Wall -O0 -g3 -c -fmessage-length=0 -MT"src/main.o" -mcpu=cortex-a9 -mfpu=vfpv3 -mfloat-abi=hard -I../../standalone_bsp_0/ps7_cortexa9_0/include -MMD -MP -MF"src/main.d" -MT"src/main.o" -o "src/main.o" "../src/main.c"
../src/main.c: In function 'main':
../src/main.c:38:72: error: expected ';' before 'while'
  timerPWM_Config(&TimerCounterInst,TIMER_PWM_PERIOD,TIMER_PWM_PERIOD/2)
                                                                        ^
                                                                        ;
  while(1){
  ~~~~~                                                                  
../src/main.c: In function 'PWM_Read':
../src/main.c:52:2: warning: implicit declaration of function 'printf' [-Wimplicit-function-declaration]
  printf("PWM Duty: %d, PWM Period: %d",PWM_Get_Period(XPAR_PWM_0_PWM_AXI_BASEADDR),PWM_Get_Duty(XPAR_PWM_0_PWM_AXI_BASEADDR,pwmIndex));
  ^~~~~~
../src/main.c:52:2: warning: incompatible implicit declaration of built-in function 'printf'
../src/main.c:52:2: note: include '<stdio.h>' or provide a declaration of 'printf'
../src/main.c:9:1:
+#include <stdio.h>
 
../src/main.c:52:2:
  printf("PWM Duty: %d, PWM Period: %d",PWM_Get_Period(XPAR_PWM_0_PWM_AXI_BASEADDR),PWM_Get_Duty(XPAR_PWM_0_PWM_AXI_BASEADDR,pwmIndex));
  ^~~~~~
../src/main.c:52:21: warning: format '%d' expects argument of type 'int', but argument 2 has type 'u32' {aka 'long unsigned int'} [-Wformat=]
  printf("PWM Duty: %d, PWM Period: %d",PWM_Get_Period(XPAR_PWM_0_PWM_AXI_BASEADDR),PWM_Get_Duty(XPAR_PWM_0_PWM_AXI_BASEADDR,pwmIndex));
                    ~^                  ~~~~~~~~~~~~~~~~~~~~~~~~~~~~~~~~~~~~~~~~~~~
                    %ld
../src/main.c:52:37: warning: format '%d' expects argument of type 'int', but argument 3 has type 'u32' {aka 'long unsigned int'} [-Wformat=]
  printf("PWM Duty: %d, PWM Period: %d",PWM_Get_Period(XPAR_PWM_0_PWM_AXI_BASEADDR),PWM_Get_Duty(XPAR_PWM_0_PWM_AXI_BASEADDR,pwmIndex));
                                    ~^                                              ~~~~~~~~~~~~~~~~~~~~~~~~~~~~~~~~~~~~~~~~~~~~~~~~~~
                                    %ld
../src/main.c: In function 'timerPWM_Init':
../src/main.c:68:3: warning: incompatible implicit declaration of built-in function 'printf'
   printf("PWM INIT FAIL");
   ^~~~~~
../src/main.c:68:3: note: include '<stdio.h>' or provide a declaration of 'printf'
../src/main.c: In function 'StartPWM':
../src/main.c:86:54: error: 'Duty_Cycle' undeclared (first use in this function)
  XTmrCtr_PwmConfigure(&TimerCounterInst, PWM_PERIOD, Duty_Cycle);
                                                      ^~~~~~~~~~
../src/main.c:86:54: note: each undeclared identifier is reported only once for each function it appears in
make: *** [src/subdir.mk:26: src/main.o] Error 1
00:36:11 **** Auto Build of configuration Debug for project SYSTEM ****
make pre-build main-build 
a9-linaro-pre-build-step
' '
'Building file: ../src/main.c'
'Invoking: ARM v7 gcc compiler'
arm-none-eabi-gcc -Wall -O0 -g3 -c -fmessage-length=0 -MT"src/main.o" -mcpu=cortex-a9 -mfpu=vfpv3 -mfloat-abi=hard -I../../standalone_bsp_0/ps7_cortexa9_0/include -MMD -MP -MF"src/main.d" -MT"src/main.o" -o "src/main.o" "../src/main.c"
../src/main.c: In function 'PWM_Read':
../src/main.c:52:2: warning: implicit declaration of function 'printf' [-Wimplicit-function-declaration]
  printf("PWM Duty: %d, PWM Period: %d",PWM_Get_Period(XPAR_PWM_0_PWM_AXI_BASEADDR),PWM_Get_Duty(XPAR_PWM_0_PWM_AXI_BASEADDR,pwmIndex));
  ^~~~~~
../src/main.c:52:2: warning: incompatible implicit declaration of built-in function 'printf'
../src/main.c:52:2: note: include '<stdio.h>' or provide a declaration of 'printf'
../src/main.c:9:1:
+#include <stdio.h>
 
../src/main.c:52:2:
  printf("PWM Duty: %d, PWM Period: %d",PWM_Get_Period(XPAR_PWM_0_PWM_AXI_BASEADDR),PWM_Get_Duty(XPAR_PWM_0_PWM_AXI_BASEADDR,pwmIndex));
  ^~~~~~
../src/main.c:52:21: warning: format '%d' expects argument of type 'int', but argument 2 has type 'u32' {aka 'long unsigned int'} [-Wformat=]
  printf("PWM Duty: %d, PWM Period: %d",PWM_Get_Period(XPAR_PWM_0_PWM_AXI_BASEADDR),PWM_Get_Duty(XPAR_PWM_0_PWM_AXI_BASEADDR,pwmIndex));
[...]
../src/main.c: In function 'main':
../src/main.c:41:22: warning: format '%d' expects argument of type 'int', but argument 2 has type 'double' [-Wformat=]
   printf("duty_adc: %d \n\r",ceil(duty_ADC))
                     ~^       ~~~~~~~~~~~~~~
                     %f
../src/main.c:41:45: error: expected ';' before 'time_count'
   printf("duty_adc: %d \n\r",ceil(duty_ADC))
                                             ^
                                             ;
../src/main.c:44:3:
   time_count ++;
   ~~~~~~~~~~                                 
../src/main.c:19:38: warning: unused variable 'Btn3_Db' [-Wunused-variable]
  Debounce Btn0_Db, Btn1_Db, Btn2_Db, Btn3_Db;  /* Type of Debounce */
                                      ^~~~~~~
../src/main.c:19:29: warning: unused variable 'Btn2_Db' [-Wunused-variable]
  Debounce Btn0_Db, Btn1_Db, Btn2_Db, Btn3_Db;  /* Type of Debounce */
                             ^~~~~~~
../src/main.c:19:20: warning: unused variable 'Btn1_Db' [-Wunused-variable]
  Debounce Btn0_Db, Btn1_Db, Btn2_Db, Btn3_Db;  /* Type of Debounce */
                    ^~~~~~~
../src/main.c:19:11: warning: unused variable 'Btn0_Db' [-Wunused-variable]
  Debounce Btn0_Db, Btn1_Db, Btn2_Db, Btn3_Db;  /* Type of Debounce */
           ^~~~~~~
../src/main.c:17:6: warning: unused variable 'Btn_Data' [-Wunused-variable]
  u32 Btn_Data;         /* Initialize Button Data */
      ^~~~~~~~
../src/main.c:15:5: warning: unused variable 'ChannelIndex' [-Wunused-variable]
  u8 ChannelIndex = 0;  /* Select ADC Channel */
     ^~~~~~~~~~~~
make: *** [src/subdir.mk:35: src/main.o] Error 1
02:29:23 **** Auto Build of configuration Debug for project SYSTEM ****
make pre-build main-build 
a9-linaro-pre-build-step
' '
'Building file: ../src/main.c'
'Invoking: ARM v7 gcc compiler'
arm-none-eabi-gcc -Wall -O0 -g3 -c -fmessage-length=0 -MT"src/main.o" -mcpu=cortex-a9 -mfpu=vfpv3 -mfloat-abi=hard -I../../standalone_bsp_0/ps7_cortexa9_0/include -MMD -MP -MF"src/main.d" -MT"src/main.o" -o "src/main.o" "../src/main.c"
../src/main.c: In function 'main':
../src/main.c:41:22: warning: format '%d' expects argument of type 'int', but argument 2 has type 'double' [-Wformat=]
   printf("duty_adc: %d \n\r",ceil(duty_ADC));
                     ~^       ~~~~~~~~~~~~~~
                     %f
../src/main.c:19:38: warning: unused variable 'Btn3_Db' [-Wunused-variable]
  Debounce Btn0_Db, Btn1_Db, Btn2_Db, Btn3_Db;  /* Type of Debounce */
                                      ^~~~~~~
../src/main.c:19:29: warning: unused variable 'Btn2_Db' [-Wunused-variable]
  Debounce Btn0_Db, Btn1_Db, Btn2_Db, Btn3_Db;  /* Type of Debounce */
                             ^~~~~~~
../src/main.c:19:20: warning: unused variable 'Btn1_Db' [-Wunused-variable]
  Debounce Btn0_Db, Btn1_Db, Btn2_Db, Btn3_Db;  /* Type of Debounce */
                    ^~~~~~~
../src/main.c:19:11: warning: unused variable 'Btn0_Db' [-Wunused-variable]
  Debounce Btn0_Db, Btn1_Db, Btn2_Db, Btn3_Db;  /* Type of Debounce */
           ^~~~~~~
../src/main.c:17:6: warning: unused variable 'Btn_Data' [-Wunused-variable]
  u32 Btn_Data;         /* Initialize Button Data */
      ^~~~~~~~
../src/main.c:15:5: warning: unused variable 'ChannelIndex' [-Wunused-variable]
  u8 ChannelIndex = 0;  /* Select ADC Channel */
     ^~~~~~~~~~~~
'Finished building: ../src/main.c'
' '
'Building target: SYSTEM.elf'
'Invoking: ARM v7 gcc linker'
arm-none-eabi-gcc -mcpu=cortex-a9 -mfpu=vfpv3 -mfloat-abi=hard -Wl,-build-id=none -specs=Xilinx.spec -Wl,-T -Wl,../src/lscript.ld -L../../standalone_bsp_0/ps7_cortexa9_0/lib -o "SYSTEM.elf"  ./src/debounce.o ./src/main.o ./src/platform.o ./src/xadc_funct.o ./src/xpwm_funct.o   -Wl,--start-group,-lxil,-lgcc,-lc,--end-group
'Finished building target: SYSTEM.elf'
' '
'Invoking: ARM v7 Print Size'
arm-none-eabi-size SYSTEM.elf  |tee "SYSTEM.elf.size"
   text	   data	    bss	    dec	    hex	filename
  69516	   2760	  23472	  95748	  17604	SYSTEM.elf
'Finished building: SYSTEM.elf.size'
' '
02:29:27 **** Incremental Build of configuration Debug for project SYSTEM ****
make pre-build main-build 
a9-linaro-pre-build-step
' '
make: Nothing to be done for 'main-build'.
02:30:09 **** Incremental Build of configuration Debug for project SYSTEM ****
make pre-build main-build 
a9-linaro-pre-build-step
' '
'Building file: ../src/main.c'
'Invoking: ARM v7 gcc compiler'
arm-none-eabi-gcc -Wall -O0 -g3 -c -fmessage-length=0 -MT"src/main.o" -mcpu=cortex-a9 -mfpu=vfpv3 -mfloat-abi=hard -I../../standalone_bsp_0/ps7_cortexa9_0/include -MMD -MP -MF"src/main.d" -MT"src/main.o" -o "src/main.o" "../src/main.c"
../src/main.c: In function 'main':
../src/main.c:19:38: warning: unused variable 'Btn3_Db' [-Wunused-variable]
  Debounce Btn0_Db, Btn1_Db, Btn2_Db, Btn3_Db;  /* Type of Debounce */
                                      ^~~~~~~
../src/main.c:19:29: warning: unused variable 'Btn2_Db' [-Wunused-variable]
  Debounce Btn0_Db, Btn1_Db, Btn2_Db, Btn3_Db;  /* Type of Debounce */
                             ^~~~~~~
../src/main.c:19:20: warning: unused variable 'Btn1_Db' [-Wunused-variable]
  Debounce Btn0_Db, Btn1_Db, Btn2_Db, Btn3_Db;  /* Type of Debounce */
                    ^~~~~~~
../src/main.c:19:11: warning: unused variable 'Btn0_Db' [-Wunused-variable]
  Debounce Btn0_Db, Btn1_Db, Btn2_Db, Btn3_Db;  /* Type of Debounce */
           ^~~~~~~
../src/main.c:17:6: warning: unused variable 'Btn_Data' [-Wunused-variable]
  u32 Btn_Data;         /* Initialize Button Data */
      ^~~~~~~~
../src/main.c:15:5: warning: unused variable 'ChannelIndex' [-Wunused-variable]
  u8 ChannelIndex = 0;  /* Select ADC Channel */
     ^~~~~~~~~~~~
'Finished building: ../src/main.c'
' '
'Building target: SYSTEM.elf'
'Invoking: ARM v7 gcc linker'
arm-none-eabi-gcc -mcpu=cortex-a9 -mfpu=vfpv3 -mfloat-abi=hard -Wl,-build-id=none -specs=Xilinx.spec -Wl,-T -Wl,../src/lscript.ld -L../../standalone_bsp_0/ps7_cortexa9_0/lib -o "SYSTEM.elf"  ./src/debounce.o ./src/main.o ./src/platform.o ./src/xadc_funct.o ./src/xpwm_funct.o   -Wl,--start-group,-lxil,-lgcc,-lc,--end-group
'Finished building target: SYSTEM.elf'
' '
'Invoking: ARM v7 Print Size'
arm-none-eabi-size SYSTEM.elf  |tee "SYSTEM.elf.size"
   text	   data	    bss	    dec	    hex	filename
  69500	   2760	  23472	  95732	  175f4	SYSTEM.elf
'Finished building: SYSTEM.elf.size'
' '
02:35:36 **** Auto Build of configuration Debug for project SYSTEM ****
make pre-build main-build 
a9-linaro-pre-build-step
' '
'Building file: ../src/main.c'
'Invoking: ARM v7 gcc compiler'
arm-none-eabi-gcc -Wall -O0 -g3 -c -fmessage-length=0 -MT"src/main.o" -mcpu=cortex-a9 -mfpu=vfpv3 -mfloat-abi=hard -I../../standalone_bsp_0/ps7_cortexa9_0/include -MMD -MP -MF"src/main.d" -MT"src/main.o" -o "src/main.o" "../src/main.c"
../src/main.c: In function 'main':
../src/main.c:19:38: warning: unused variable 'Btn3_Db' [-Wunused-variable]
  Debounce Btn0_Db, Btn1_Db, Btn2_Db, Btn3_Db;  /* Type of Debounce */
                                      ^~~~~~~
../src/main.c:19:29: warning: unused variable 'Btn2_Db' [-Wunused-variable]
  Debounce Btn0_Db, Btn1_Db, Btn2_Db, Btn3_Db;  /* Type of Debounce */
                             ^~~~~~~
../src/main.c:19:20: warning: unused variable 'Btn1_Db' [-Wunused-variable]
  Debounce Btn0_Db, Btn1_Db, Btn2_Db, Btn3_Db;  /* Type of Debounce */
                    ^~~~~~~
../src/main.c:19:11: warning: unused variable 'Btn0_Db' [-Wunused-variable]
  Debounce Btn0_Db, Btn1_Db, Btn2_Db, Btn3_Db;  /* Type of Debounce */
           ^~~~~~~
../src/main.c:17:6: warning: unused variable 'Btn_Data' [-Wunused-variable]
  u32 Btn_Data;         /* Initialize Button Data */
      ^~~~~~~~
../src/main.c:15:5: warning: unused variable 'ChannelIndex' [-Wunused-variable]
  u8 ChannelIndex = 0;  /* Select ADC Channel */
     ^~~~~~~~~~~~
'Finished building: ../src/main.c'
' '
'Building target: SYSTEM.elf'
'Invoking: ARM v7 gcc linker'
arm-none-eabi-gcc -mcpu=cortex-a9 -mfpu=vfpv3 -mfloat-abi=hard -Wl,-build-id=none -specs=Xilinx.spec -Wl,-T -Wl,../src/lscript.ld -L../../standalone_bsp_0/ps7_cortexa9_0/lib -o "SYSTEM.elf"  ./src/debounce.o ./src/main.o ./src/platform.o ./src/xadc_funct.o ./src/xpwm_funct.o   -Wl,--start-group,-lxil,-lgcc,-lc,--end-group
'Finished building target: SYSTEM.elf'
' '
'Invoking: ARM v7 Print Size'
arm-none-eabi-size SYSTEM.elf  |tee "SYSTEM.elf.size"
   text	   data	    bss	    dec	    hex	filename
  69500	   2760	  23472	  95732	  175f4	SYSTEM.elf
'Finished building: SYSTEM.elf.size'
' '
02:35:40 **** Incremental Build of configuration Debug for project SYSTEM ****
make pre-build main-build 
a9-linaro-pre-build-step
' '
'Building file: ../src/xadc_funct.c'
'Invoking: ARM v7 gcc compiler'
arm-none-eabi-gcc -Wall -O0 -g3 -c -fmessage-length=0 -MT"src/xadc_funct.o" -mcpu=cortex-a9 -mfpu=vfpv3 -mfloat-abi=hard -I../../standalone_bsp_0/ps7_cortexa9_0/include -MMD -MP -MF"src/xadc_funct.d" -MT"src/xadc_funct.o" -o "src/xadc_funct.o" "../src/xadc_funct.c"
../src/xadc_funct.c:12:6: warning: excess elements in array initializer
  28, 16, 24, // Diff. Channels in ascending order
      ^~
../src/xadc_funct.c:12:6: note: (near initialization for 'Channel_List')
../src/xadc_funct.c:12:10: warning: excess elements in array initializer
  28, 16, 24, // Diff. Channels in ascending order
          ^~
../src/xadc_funct.c:12:10: note: (near initialization for 'Channel_List')
../src/xadc_funct.c:13:2: warning: excess elements in array initializer
  17, 25, 22, 31, 21, 29 // Single-Ended Channels in ascending order
  ^~
../src/xadc_funct.c:13:2: note: (near initialization for 'Channel_List')
../src/xadc_funct.c:13:6: warning: excess elements in array initializer
  17, 25, 22, 31, 21, 29 // Single-Ended Channels in ascending order
      ^~
../src/xadc_funct.c:13:6: note: (near initialization for 'Channel_List')
../src/xadc_funct.c:13:10: warning: excess elements in array initializer
  17, 25, 22, 31, 21, 29 // Single-Ended Channels in ascending order
          ^~
../src/xadc_funct.c:13:10: note: (near initialization for 'Channel_List')
../src/xadc_funct.c:13:14: warning: excess elements in array initializer
  17, 25, 22, 31, 21, 29 // Single-Ended Channels in ascending order
              ^~
../src/xadc_funct.c:13:14: note: (near initialization for 'Channel_List')
../src/xadc_funct.c:13:18: warning: excess elements in array initializer
  17, 25, 22, 31, 21, 29 // Single-Ended Channels in ascending order
                  ^~
../src/xadc_funct.c:13:18: note: (near initialization for 'Channel_List')
../src/xadc_funct.c:13:22: warning: excess elements in array initializer
  17, 25, 22, 31, 21, 29 // Single-Ended Channels in ascending order
                      ^~
../src/xadc_funct.c:13:22: note: (near initialization for 'Channel_List')
'Finished building: ../src/xadc_funct.c'
' '
'Building target: SYSTEM.elf'
'Invoking: ARM v7 gcc linker'
arm-none-eabi-gcc -mcpu=cortex-a9 -mfpu=vfpv3 -mfloat-abi=hard -Wl,-build-id=none -specs=Xilinx.spec -Wl,-T -Wl,../src/lscript.ld -L../../standalone_bsp_0/ps7_cortexa9_0/lib -o "SYSTEM.elf"  ./src/debounce.o ./src/main.o ./src/platform.o ./src/xadc_funct.o ./src/xpwm_funct.o   -Wl,--start-group,-lxil,-lgcc,-lc,--end-group
'Finished building target: SYSTEM.elf'
' '
'Invoking: ARM v7 Print Size'
arm-none-eabi-size SYSTEM.elf  |tee "SYSTEM.elf.size"
   text	   data	    bss	    dec	    hex	filename
  69548	   2760	  23472	  95780	  17624	SYSTEM.elf
'Finished building: SYSTEM.elf.size'
' '
02:36:39 **** Auto Build of configuration Debug for project SYSTEM ****
make pre-build main-build 
a9-linaro-pre-build-step
' '
'Building file: ../src/main.c'
'Invoking: ARM v7 gcc compiler'
arm-none-eabi-gcc -Wall -O0 -g3 -c -fmessage-length=0 -MT"src/main.o" -mcpu=cortex-a9 -mfpu=vfpv3 -mfloat-abi=hard -I../../standalone_bsp_0/ps7_cortexa9_0/include -MMD -MP -MF"src/main.d" -MT"src/main.o" -o "src/main.o" "../src/main.c"
../src/main.c: In function 'main':
../src/main.c:19:38: warning: unused variable 'Btn3_Db' [-Wunused-variable]
  Debounce Btn0_Db, Btn1_Db, Btn2_Db, Btn3_Db;  /* Type of Debounce */
                                      ^~~~~~~
../src/main.c:19:29: warning: unused variable 'Btn2_Db' [-Wunused-variable]
  Debounce Btn0_Db, Btn1_Db, Btn2_Db, Btn3_Db;  /* Type of Debounce */
                             ^~~~~~~
../src/main.c:19:20: warning: unused variable 'Btn1_Db' [-Wunused-variable]
  Debounce Btn0_Db, Btn1_Db, Btn2_Db, Btn3_Db;  /* Type of Debounce */
                    ^~~~~~~
../src/main.c:19:11: warning: unused variable 'Btn0_Db' [-Wunused-variable]
  Debounce Btn0_Db, Btn1_Db, Btn2_Db, Btn3_Db;  /* Type of Debounce */
           ^~~~~~~
../src/main.c:17:6: warning: unused variable 'Btn_Data' [-Wunused-variable]
  u32 Btn_Data;         /* Initialize Button Data */
      ^~~~~~~~
../src/main.c:15:5: warning: unused variable 'ChannelIndex' [-Wunused-variable]
  u8 ChannelIndex = 0;  /* Select ADC Channel */
     ^~~~~~~~~~~~
'Finished building: ../src/main.c'
' '
'Building target: SYSTEM.elf'
'Invoking: ARM v7 gcc linker'
arm-none-eabi-gcc -mcpu=cortex-a9 -mfpu=vfpv3 -mfloat-abi=hard -Wl,-build-id=none -specs=Xilinx.spec -Wl,-T -Wl,../src/lscript.ld -L../../standalone_bsp_0/ps7_cortexa9_0/lib -o "SYSTEM.elf"  ./src/debounce.o ./src/main.o ./src/platform.o ./src/xadc_funct.o ./src/xpwm_funct.o   -Wl,--start-group,-lxil,-lgcc,-lc,--end-group
'Finished building target: SYSTEM.elf'
' '
'Invoking: ARM v7 Print Size'
arm-none-eabi-size SYSTEM.elf  |tee "SYSTEM.elf.size"
   text	   data	    bss	    dec	    hex	filename
  69548	   2760	  23472	  95780	  17624	SYSTEM.elf
'Finished building: SYSTEM.elf.size'
' '
02:36:41 **** Incremental Build of configuration Debug for project SYSTEM ****
make pre-build main-build 
a9-linaro-pre-build-step
' '
make: Nothing to be done for 'main-build'.
02:38:11 **** Auto Build of configuration Debug for project SYSTEM ****
make pre-build main-build 
a9-linaro-pre-build-step
' '
'Building file: ../src/xadc_funct.c'
'Invoking: ARM v7 gcc compiler'
arm-none-eabi-gcc -Wall -O0 -g3 -c -fmessage-length=0 -MT"src/xadc_funct.o" -mcpu=cortex-a9 -mfpu=vfpv3 -mfloat-abi=hard -I../../standalone_bsp_0/ps7_cortexa9_0/include -MMD -MP -MF"src/xadc_funct.d" -MT"src/xadc_funct.o" -o "src/xadc_funct.o" "../src/xadc_funct.c"
../src/xadc_funct.c:12:6: warning: excess elements in array initializer
  28, 16, 24, // Diff. Channels in ascending order
      ^~
../src/xadc_funct.c:12:6: note: (near initialization for 'Channel_List')
../src/xadc_funct.c:12:10: warning: excess elements in array initializer
  28, 16, 24, // Diff. Channels in ascending order
          ^~
../src/xadc_funct.c:12:10: note: (near initialization for 'Channel_List')
../src/xadc_funct.c:13:2: warning: excess elements in array initializer
  17, 25, 22, 31, 21, 29 // Single-Ended Channels in ascending order
  ^~
../src/xadc_funct.c:13:2: note: (near initialization for 'Channel_List')
../src/xadc_funct.c:13:6: warning: excess elements in array initializer
  17, 25, 22, 31, 21, 29 // Single-Ended Channels in ascending order
      ^~
../src/xadc_funct.c:13:6: note: (near initialization for 'Channel_List')
../src/xadc_funct.c:13:10: warning: excess elements in array initializer
  17, 25, 22, 31, 21, 29 // Single-Ended Channels in ascending order
          ^~
../src/xadc_funct.c:13:10: note: (near initialization for 'Channel_List')
../src/xadc_funct.c:13:14: warning: excess elements in array initializer
  17, 25, 22, 31, 21, 29 // Single-Ended Channels in ascending order
              ^~
../src/xadc_funct.c:13:14: note: (near initialization for 'Channel_List')
../src/xadc_funct.c:13:18: warning: excess elements in array initializer
  17, 25, 22, 31, 21, 29 // Single-Ended Channels in ascending order
                  ^~
../src/xadc_funct.c:13:18: note: (near initialization for 'Channel_List')
../src/xadc_funct.c:13:22: warning: excess elements in array initializer
  17, 25, 22, 31, 21, 29 // Single-Ended Channels in ascending order
                      ^~
../src/xadc_funct.c:13:22: note: (near initialization for 'Channel_List')
'Finished building: ../src/xadc_funct.c'
' '
'Building target: SYSTEM.elf'
'Invoking: ARM v7 gcc linker'
arm-none-eabi-gcc -mcpu=cortex-a9 -mfpu=vfpv3 -mfloat-abi=hard -Wl,-build-id=none -specs=Xilinx.spec -Wl,-T -Wl,../src/lscript.ld -L../../standalone_bsp_0/ps7_cortexa9_0/lib -o "SYSTEM.elf"  ./src/debounce.o ./src/main.o ./src/platform.o ./src/xadc_funct.o ./src/xpwm_funct.o   -Wl,--start-group,-lxil,-lgcc,-lc,--end-group
'Finished building target: SYSTEM.elf'
' '
'Invoking: ARM v7 Print Size'
arm-none-eabi-size SYSTEM.elf  |tee "SYSTEM.elf.size"
   text	   data	    bss	    dec	    hex	filename
  69548	   2760	  23472	  95780	  17624	SYSTEM.elf
'Finished building: SYSTEM.elf.size'
' '
02:39:12 **** Auto Build of configuration Debug for project SYSTEM ****
make pre-build main-build 
a9-linaro-pre-build-step
' '
'Building file: ../src/main.c'
'Invoking: ARM v7 gcc compiler'
arm-none-eabi-gcc -Wall -O0 -g3 -c -fmessage-length=0 -MT"src/main.o" -mcpu=cortex-a9 -mfpu=vfpv3 -mfloat-abi=hard -I../../standalone_bsp_0/ps7_cortexa9_0/include -MMD -MP -MF"src/main.d" -MT"src/main.o" -o "src/main.o" "../src/main.c"
../src/main.c: In function 'main':
../src/main.c:19:38: warning: unused variable 'Btn3_Db' [-Wunused-variable]
  Debounce Btn0_Db, Btn1_Db, Btn2_Db, Btn3_Db;  /* Type of Debounce */
                                      ^~~~~~~
../src/main.c:19:29: warning: unused variable 'Btn2_Db' [-Wunused-variable]
  Debounce Btn0_Db, Btn1_Db, Btn2_Db, Btn3_Db;  /* Type of Debounce */
                             ^~~~~~~
../src/main.c:19:20: warning: unused variable 'Btn1_Db' [-Wunused-variable]
  Debounce Btn0_Db, Btn1_Db, Btn2_Db, Btn3_Db;  /* Type of Debounce */
                    ^~~~~~~
../src/main.c:19:11: warning: unused variable 'Btn0_Db' [-Wunused-variable]
  Debounce Btn0_Db, Btn1_Db, Btn2_Db, Btn3_Db;  /* Type of Debounce */
           ^~~~~~~
../src/main.c:17:6: warning: unused variable 'Btn_Data' [-Wunused-variable]
  u32 Btn_Data;         /* Initialize Button Data */
      ^~~~~~~~
../src/main.c:15:5: warning: unused variable 'ChannelIndex' [-Wunused-variable]
  u8 ChannelIndex = 0;  /* Select ADC Channel */
     ^~~~~~~~~~~~
'Finished building: ../src/main.c'
' '
'Building file: ../src/xadc_funct.c'
'Invoking: ARM v7 gcc compiler'
arm-none-eabi-gcc -Wall -O0 -g3 -c -fmessage-length=0 -MT"src/xadc_funct.o" -mcpu=cortex-a9 -mfpu=vfpv3 -mfloat-abi=hard -I../../standalone_bsp_0/ps7_cortexa9_0/include -MMD -MP -MF"src/xadc_funct.d" -MT"src/xadc_funct.o" -o "src/xadc_funct.o" "../src/xadc_funct.c"
'Finished building: ../src/xadc_funct.c'
' '
'Building file: ../src/xpwm_funct.c'
'Invoking: ARM v7 gcc compiler'
arm-none-eabi-gcc -Wall -O0 -g3 -c -fmessage-length=0 -MT"src/xpwm_funct.o" -mcpu=cortex-a9 -mfpu=vfpv3 -mfloat-abi=hard -I../../standalone_bsp_0/ps7_cortexa9_0/include -MMD -MP -MF"src/xpwm_funct.d" -MT"src/xpwm_funct.o" -o "src/xpwm_funct.o" "../src/xpwm_funct.c"
'Finished building: ../src/xpwm_funct.c'
' '
'Building target: SYSTEM.elf'
'Invoking: ARM v7 gcc linker'
arm-none-eabi-gcc -mcpu=cortex-a9 -mfpu=vfpv3 -mfloat-abi=hard -Wl,-build-id=none -specs=Xilinx.spec -Wl,-T -Wl,../src/lscript.ld -L../../standalone_bsp_0/ps7_cortexa9_0/lib -o "SYSTEM.elf"  ./src/debounce.o ./src/main.o ./src/platform.o ./src/xadc_funct.o ./src/xpwm_funct.o   -Wl,--start-group,-lxil,-lgcc,-lc,--end-group
'Finished building target: SYSTEM.elf'
' '
'Invoking: ARM v7 Print Size'
arm-none-eabi-size SYSTEM.elf  |tee "SYSTEM.elf.size"
   text	   data	    bss	    dec	    hex	filename
  69556	   2760	  23472	  95788	  1762c	SYSTEM.elf
'Finished building: SYSTEM.elf.size'
' '
02:39:16 **** Incremental Build of configuration Debug for project SYSTEM ****
make pre-build main-build 
a9-linaro-pre-build-step
' '
make: Nothing to be done for 'main-build'.
