04:13:59 **** Auto Build of configuration Debug for project SYSTEM ****
make pre-build main-build 
a9-linaro-pre-build-step
' '
'Building file: ../src/main.c'
'Invoking: ARM v7 gcc compiler'
arm-none-eabi-gcc -Wall -O0 -g3 -c -fmessage-length=0 -MT"src/main.o" -mcpu=cortex-a9 -mfpu=vfpv3 -mfloat-abi=hard -I../../standalone_bsp_0/ps7_cortexa9_0/include -MMD -MP -MF"src/main.d" -MT"src/main.o" -o "src/main.o" "../src/main.c"
'Finished building: ../src/main.c'
' '
'Building target: SYSTEM.elf'
'Invoking: ARM v7 gcc linker'
arm-none-eabi-gcc -mcpu=cortex-a9 -mfpu=vfpv3 -mfloat-abi=hard -Wl,-build-id=none -specs=Xilinx.spec -Wl,-T -Wl,../src/lscript.ld -L../../standalone_bsp_0/ps7_cortexa9_0/lib -o "SYSTEM.elf"  ./src/debounce.o ./src/main.o ./src/platform.o ./src/xadc_funct.o ./src/xpwm_funct.o   -Wl,--start-group,-lxil,-lgcc,-lc,--end-group
'Finished building target: SYSTEM.elf'
' '
'Invoking: ARM v7 Print Size'
arm-none-eabi-size SYSTEM.elf  |tee "SYSTEM.elf.size"
   text	   data	    bss	    dec	    hex	filename
  68088	   2760	  23472	  94320	  17070	SYSTEM.elf
'Finished building: SYSTEM.elf.size'
' '

04:14:00 Build Finished (took 1s.176ms)

