18:55:02 **** Auto Build of configuration Debug for project SYSTEM ****
make pre-build main-build 
a9-linaro-pre-build-step
' '
'Building file: ../src/main.c'
'Invoking: ARM v7 gcc compiler'
arm-none-eabi-gcc -Wall -O0 -g3 -c -fmessage-length=0 -MT"src/main.o" -mcpu=cortex-a9 -mfpu=vfpv3 -mfloat-abi=hard -I../../standalone_bsp_0/ps7_cortexa9_0/include -MMD -MP -MF"src/main.d" -MT"src/main.o" -o "src/main.o" "../src/main.c"
../src/main.c: In function 'Gpio_Intr_Handler':
../src/main.c:125:30: warning: 'prev_button' may be used uninitialized in this function [-Wmaybe-uninitialized]
  else if ((prev_button == 1) & (btn_value == 0)){
           ~~~~~~~~~~~~~~~~~~~^~~~~~~~~~~~~~~~~~
'Finished building: ../src/main.c'
' '
'Building target: SYSTEM.elf'
'Invoking: ARM v7 gcc linker'
arm-none-eabi-gcc -mcpu=cortex-a9 -mfpu=vfpv3 -mfloat-abi=hard -Wl,-build-id=none -specs=Xilinx.spec -Wl,-T -Wl,../src/lscript.ld -L../../standalone_bsp_0/ps7_cortexa9_0/lib -o "SYSTEM.elf"  ./src/main.o ./src/platform.o ./src/xadc_funct.o ./src/xgpio_funct.o ./src/xlcd_funct.o ./src/xpwm_funct.o   -Wl,--start-group,-lxil,-lgcc,-lc,--end-group
'Finished building target: SYSTEM.elf'
' '
'Invoking: ARM v7 Print Size'
arm-none-eabi-size SYSTEM.elf  |tee "SYSTEM.elf.size"
   text	   data	    bss	    dec	    hex	filename
  74836	   3568	  24256	 102660	  19104	SYSTEM.elf
'Finished building: SYSTEM.elf.size'
' '

18:55:03 Build Finished (took 1s.245ms)

